// Jest Snapshot v1, https://goo.gl/fbAQLP

exports[`Cinema powered by Indy Cinema Group when movies with local screenings provided for Rio Cinema returns a list of events 1`] = `
[
  {
    "overview": {
      "actors": [
        "Nicole Kidman",
        "Harris Dickinson",
        "Antonio Banderas",
        "Sophie Wilde",
        "Esther-Rose McGregor",
        "Victor Slezak",
        "Molly Price",
        "Gaite Jansen",
      ],
      "categories": [
        "Drama",
      ],
      "certification": "18",
      "directors": [
        "Halina Reijn",
      ],
      "duration": 6900000,
      "trailer": "https://www.youtube.com/watch?v=gHBQTX_eMN4",
    },
    "performances": [
      {
        "bookingUrl": "https://www.riocinema.org.uk/checkout/showing/babygirl/260109",
        "notes": "1 of 30 seats remaining",
        "screen": "2",
        "time": 1736628600000,
      },
      {
        "bookingUrl": "https://www.riocinema.org.uk/checkout/showing/babygirl/260345",
        "notes": "132 of 172 seats remaining",
        "screen": "1",
        "time": 1736694900000,
      },
      {
        "bookingUrl": "https://www.riocinema.org.uk/checkout/showing/babygirl/260130",
        "notes": "146 of 162 seats remaining",
        "screen": "1",
        "time": 1736714700000,
      },
      {
        "bookingUrl": "https://www.riocinema.org.uk/checkout/showing/babygirl/260201",
        "notes": "129 of 162 seats remaining",
        "screen": "1",
        "time": 1736790300000,
      },
      {
        "bookingUrl": "https://www.riocinema.org.uk/checkout/showing/babygirl/260356",
        "notes": "1 of 30 seats remaining",
        "screen": "2",
        "time": 1736800800000,
      },
      {
        "bookingUrl": "https://www.riocinema.org.uk/checkout/showing/babygirl/260207",
        "notes": "5 of 30 seats remaining",
        "screen": "2",
        "time": 1736876700000,
      },
      {
        "bookingUrl": "https://www.riocinema.org.uk/checkout/showing/babygirl/260208",
        "notes": "160 of 162 seats remaining",
        "screen": "1",
        "time": 1736963100000,
      },
      {
        "bookingUrl": "https://www.riocinema.org.uk/checkout/showing/babygirl/260213",
        "notes": "161 of 162 seats remaining",
        "screen": "1",
        "time": 1737049500000,
      },
      {
        "bookingUrl": "https://www.riocinema.org.uk/checkout/showing/babygirl/261759",
        "notes": "162 of 162 seats remaining",
        "screen": "1",
        "time": 1737135900000,
      },
      {
        "bookingUrl": "https://www.riocinema.org.uk/checkout/showing/babygirl/261763",
        "notes": "30 of 30 seats remaining",
        "screen": "2",
        "time": 1737233400000,
      },
      {
        "bookingUrl": "https://www.riocinema.org.uk/checkout/showing/babygirl/261770",
        "notes": "30 of 30 seats remaining",
        "screen": "2",
        "time": 1737318600000,
      },
      {
        "bookingUrl": "https://www.riocinema.org.uk/checkout/showing/babygirl/261773",
        "notes": "30 of 30 seats remaining",
        "screen": "2",
        "time": 1737407100000,
      },
      {
        "bookingUrl": "https://www.riocinema.org.uk/checkout/showing/babygirl/261782",
        "notes": "162 of 162 seats remaining",
        "screen": "1",
        "time": 1737481500000,
      },
      {
        "bookingUrl": "https://www.riocinema.org.uk/checkout/showing/babygirl/261788",
        "notes": "30 of 30 seats remaining",
        "screen": "2",
        "time": 1737579900000,
      },
      {
        "bookingUrl": "https://www.riocinema.org.uk/checkout/showing/babygirl/261787",
        "notes": "162 of 162 seats remaining",
        "screen": "1",
        "time": 1737648600000,
      },
    ],
    "title": "Babygirl",
    "url": "https://www.riocinema.org.uk/movie/babygirl",
  },
  {
    "overview": {
      "actors": [
        "Ethan Herisse",
        "Brandon Wilson",
        "Aunjanue Ellis-Taylor",
        "Hamish Linklater",
        "Fred Hechinger",
        "Luke Tennie",
      ],
      "categories": [
        "Drama",
        "History",
      ],
      "certification": "12A",
      "directors": [
        "RaMell Ross",
      ],
      "duration": 8400000,
      "trailer": "https://www.youtube.com/watch?v=2jeti8dl1WI",
    },
    "performances": [
      {
        "bookingUrl": "https://www.riocinema.org.uk/checkout/showing/nickel-boys/260268",
        "notes": "1 of 30 seats remaining",
        "screen": "2",
        "time": 1736606700000,
      },
      {
        "bookingUrl": "https://www.riocinema.org.uk/checkout/showing/nickel-boys/260108",
        "notes": "1 of 30 seats remaining",
        "screen": "2",
        "time": 1736617800000,
      },
      {
        "bookingUrl": "https://www.riocinema.org.uk/checkout/showing/nickel-boys/260132",
        "notes": "21 of 30 seats remaining",
        "screen": "2",
        "time": 1736690400000,
      },
      {
        "bookingUrl": "https://www.riocinema.org.uk/checkout/showing/nickel-boys/260131",
        "notes": "138 of 162 seats remaining",
        "screen": "1",
        "time": 1736703900000,
      },
      {
        "bookingUrl": "https://www.riocinema.org.uk/checkout/showing/nickel-boys/260202",
        "notes": "28 of 30 seats remaining",
        "screen": "2",
        "time": 1736778600000,
      },
      {
        "bookingUrl": "https://www.riocinema.org.uk/checkout/showing/nickel-boys/260203",
        "notes": "26 of 30 seats remaining",
        "screen": "2",
        "time": 1736789400000,
      },
      {
        "bookingUrl": "https://www.riocinema.org.uk/checkout/showing/nickel-boys/260204",
        "notes": "152 of 162 seats remaining",
        "screen": "1",
        "time": 1736875200000,
      },
      {
        "bookingUrl": "https://www.riocinema.org.uk/checkout/showing/nickel-boys/260206",
        "notes": "22 of 30 seats remaining",
        "screen": "2",
        "time": 1736885700000,
      },
      {
        "bookingUrl": "https://www.riocinema.org.uk/checkout/showing/nickel-boys/260210",
        "notes": "30 of 30 seats remaining",
        "screen": "2",
        "time": 1736964000000,
      },
      {
        "bookingUrl": "https://www.riocinema.org.uk/checkout/showing/nickel-boys/260355",
        "notes": "30 of 30 seats remaining",
        "screen": "2",
        "time": 1737048600000,
      },
      {
        "bookingUrl": "https://www.riocinema.org.uk/checkout/showing/nickel-boys/261764",
        "notes": "30 of 30 seats remaining",
        "screen": "2",
        "time": 1737222600000,
      },
      {
        "bookingUrl": "https://www.riocinema.org.uk/checkout/showing/nickel-boys/261772",
        "notes": "30 of 30 seats remaining",
        "screen": "2",
        "time": 1737296100000,
      },
      {
        "bookingUrl": "https://www.riocinema.org.uk/checkout/showing/nickel-boys/261774",
        "notes": "30 of 30 seats remaining",
        "screen": "2",
        "time": 1737396600000,
      },
    ],
    "title": "Nickel Boys",
    "url": "https://www.riocinema.org.uk/movie/nickel-boys",
  },
  {
    "overview": {
      "actors": [
        "Lily-Rose Depp",
        "Nicholas Hoult",
        "Bill Skarsgård",
        "Aaron Taylor-Johnson",
        "Willem Dafoe",
        "Emma Corrin",
        "Ralph Ineson",
        "Simon McBurney",
      ],
      "categories": [
        "Fantasy",
      ],
      "certification": "15",
      "directors": [
        "Robert Eggers",
      ],
      "duration": 7980000,
      "trailer": "https://www.youtube.com/watch?v=KKp9RFnD5ag?si=0g2G0gVug1KBT5kF",
    },
    "performances": [
      {
        "bookingUrl": "https://www.riocinema.org.uk/checkout/showing/nosferatu/260267",
        "notes": "146 of 172 seats remaining",
        "screen": "1",
        "time": 1736602800000,
      },
      {
        "bookingUrl": "https://www.riocinema.org.uk/checkout/showing/nosferatu/260106",
        "notes": "257 of 386 seats remaining",
        "screen": "1",
        "time": 1736627400000,
      },
      {
        "bookingUrl": "https://www.riocinema.org.uk/checkout/showing/nosferatu/260133",
        "notes": "13 of 30 seats remaining",
        "screen": "2",
        "time": 1736701200000,
      },
      {
        "bookingUrl": "https://www.riocinema.org.uk/checkout/showing/nosferatu/260134",
        "notes": "11 of 30 seats remaining",
        "screen": "2",
        "time": 1736712000000,
      },
      {
        "bookingUrl": "https://www.riocinema.org.uk/checkout/showing/nosferatu/260198",
        "notes": "157 of 162 seats remaining",
        "screen": "1",
        "time": 1736779500000,
      },
      {
        "bookingUrl": "https://www.riocinema.org.uk/checkout/showing/nosferatu/260200",
        "notes": "116 of 162 seats remaining",
        "screen": "1",
        "time": 1736800200000,
      },
      {
        "bookingUrl": "https://www.riocinema.org.uk/checkout/showing/nosferatu/260205",
        "notes": "153 of 162 seats remaining",
        "screen": "1",
        "time": 1736886600000,
      },
      {
        "bookingUrl": "https://www.riocinema.org.uk/checkout/showing/nosferatu/260209",
        "notes": "158 of 162 seats remaining",
        "screen": "1",
        "time": 1736973000000,
      },
      {
        "bookingUrl": "https://www.riocinema.org.uk/checkout/showing/nosferatu/260212",
        "notes": "162 of 162 seats remaining",
        "screen": "1",
        "time": 1737059400000,
      },
      {
        "bookingUrl": "https://www.riocinema.org.uk/checkout/showing/nosferatu/261760",
        "notes": "30 of 30 seats remaining",
        "screen": "2",
        "time": 1737146100000,
      },
      {
        "bookingUrl": "https://www.riocinema.org.uk/checkout/showing/nosferatu/261762",
        "notes": "162 of 162 seats remaining",
        "screen": "1",
        "time": 1737220500000,
      },
      {
        "bookingUrl": "https://www.riocinema.org.uk/checkout/showing/nosferatu/261771",
        "notes": "30 of 30 seats remaining",
        "screen": "2",
        "time": 1737306900000,
      },
      {
        "bookingUrl": "https://www.riocinema.org.uk/checkout/showing/nosferatu/261775",
        "notes": "30 of 30 seats remaining",
        "screen": "2",
        "time": 1737385800000,
      },
      {
        "bookingUrl": "https://www.riocinema.org.uk/checkout/showing/nosferatu/261784",
        "notes": "30 of 30 seats remaining",
        "screen": "2",
        "time": 1737491700000,
      },
      {
        "bookingUrl": "https://www.riocinema.org.uk/checkout/showing/nosferatu/261789",
        "notes": "30 of 30 seats remaining",
        "screen": "2",
        "time": 1737569700000,
      },
      {
        "bookingUrl": "https://www.riocinema.org.uk/checkout/showing/nosferatu/261786",
        "notes": "30 of 30 seats remaining",
        "screen": "2",
        "time": 1737653400000,
      },
    ],
    "title": "Nosferatu",
    "url": "https://www.riocinema.org.uk/movie/nosferatu",
  },
  {
    "overview": {
      "actors": [
        "Nicole Kidman",
        "Harris Dickinson",
        "Antonio Banderas",
        "Sophie Wilde",
        "Esther-Rose McGregor",
        "Victor Slezak",
        "Molly Price",
        "Gaite Jansen",
      ],
      "categories": [
        "Drama",
      ],
      "certification": "18",
      "directors": [
        "Halina Reijn",
      ],
      "duration": 6900000,
      "trailer": "https://www.youtube.com/watch?v=gHBQTX_eMN4",
    },
    "performances": [
      {
        "bookingUrl": "https://www.riocinema.org.uk/checkout/showing/carers-babies-club-babygirl/260197",
        "notes": "167 of 172 seats remaining",
        "screen": "1",
        "time": 1736766000000,
      },
    ],
    "title": "Carers & Babies Club: Babygirl",
    "url": "https://www.riocinema.org.uk/movie/carers-babies-club-babygirl",
  },
  {
    "overview": {
      "actors": [],
      "categories": [],
      "certification": "12",
      "directors": [
        "System Sacom",
        "Tokai Communications",
      ],
      "duration": 5340000,
    },
    "performances": [
      {
        "bookingUrl": "https://www.riocinema.org.uk/checkout/showing/dream-emulator-presents-a-night-in-the-mansion-of-hidden-souls/256750",
        "notes": "16 of 30 seats remaining",
        "screen": "2",
        "time": 1737060300000,
      },
    ],
    "title": "Dream Emulator Presents: A Night in the Mansion of Hidden Souls",
    "url": "https://www.riocinema.org.uk/movie/dream-emulator-presents-a-night-in-the-mansion-of-hidden-souls",
  },
  {
    "overview": {
      "actors": [
        "Tilda Swinton",
        "Billy Zane",
        "Quentin Crisp",
      ],
      "categories": [],
      "certification": "PG",
      "directors": [
        "Sally Potter",
      ],
      "duration": 5400000,
      "trailer": "https://www.youtube.com/watch?v=MorOaD61KUI",
    },
    "performances": [
      {
        "bookingUrl": "https://www.riocinema.org.uk/checkout/showing/pink-palace-orlando/257839",
        "notes": "0 of 25 seats remaining",
        "screen": "Ludski Bar",
        "time": 1737055800000,
      },
    ],
    "title": "PINK PALACE: ORLANDO",
    "url": "https://www.riocinema.org.uk/movie/pink-palace-orlando",
  },
  {
    "overview": {
      "actors": [
        "Timothée Chalamet",
        "Edward Norton",
        "Elle Fanning",
        "Monica Barbaro",
        "Joe Tippett",
        "Eriko Hatsune",
        "Peter Gerety",
      ],
      "categories": [
        "Drama",
        "Music",
        "History",
      ],
      "certification": "15",
      "directors": [
        "James Mangold",
      ],
      "duration": 8400000,
      "trailer": "https://www.youtube.com/watch?v=Zwv-vVOjpCk",
    },
    "performances": [
      {
        "bookingUrl": "https://www.riocinema.org.uk/checkout/showing/a-complete-unknown/261761",
        "notes": "30 of 30 seats remaining",
        "screen": "2",
        "time": 1737135000000,
      },
      {
        "bookingUrl": "https://www.riocinema.org.uk/checkout/showing/a-complete-unknown/260347",
        "notes": "136 of 162 seats remaining",
        "screen": "1",
        "time": 1737145200000,
      },
      {
        "bookingUrl": "https://www.riocinema.org.uk/checkout/showing/a-complete-unknown/261765",
        "notes": "30 of 30 seats remaining",
        "screen": "2",
        "time": 1737211800000,
      },
      {
        "bookingUrl": "https://www.riocinema.org.uk/checkout/showing/a-complete-unknown/260348",
        "notes": "153 of 162 seats remaining",
        "screen": "1",
        "time": 1737231600000,
      },
      {
        "bookingUrl": "https://www.riocinema.org.uk/checkout/showing/a-complete-unknown/260349",
        "notes": "150 of 162 seats remaining",
        "screen": "1",
        "time": 1737307800000,
      },
      {
        "bookingUrl": "https://www.riocinema.org.uk/checkout/showing/a-complete-unknown/261776",
        "notes": "30 of 30 seats remaining",
        "screen": "2",
        "time": 1737375300000,
      },
      {
        "bookingUrl": "https://www.riocinema.org.uk/checkout/showing/a-complete-unknown/260350",
        "notes": "158 of 162 seats remaining",
        "screen": "1",
        "time": 1737406200000,
      },
      {
        "bookingUrl": "https://www.riocinema.org.uk/checkout/showing/a-complete-unknown/261783",
        "notes": "30 of 30 seats remaining",
        "screen": "2",
        "time": 1737480600000,
      },
      {
        "bookingUrl": "https://www.riocinema.org.uk/checkout/showing/a-complete-unknown/260351",
        "notes": "154 of 162 seats remaining",
        "screen": "1",
        "time": 1737490800000,
      },
      {
        "bookingUrl": "https://www.riocinema.org.uk/checkout/showing/a-complete-unknown/260352",
        "notes": "162 of 162 seats remaining",
        "screen": "1",
        "time": 1737579000000,
      },
      {
        "bookingUrl": "https://www.riocinema.org.uk/checkout/showing/a-complete-unknown/261785",
        "notes": "30 of 30 seats remaining",
        "screen": "2",
        "time": 1737664200000,
      },
    ],
    "title": "A Complete Unknown",
    "url": "https://www.riocinema.org.uk/movie/a-complete-unknown",
  },
  {
    "overview": {
      "actors": [],
      "categories": [],
      "certification": "15",
      "directors": [
        "Chloë Delanghe",
        "Mattijs Driesen",
        "Susanne Deeken",
        "Benjamin Wigley",
        "",
      ],
      "duration": 5640000,
    },
    "performances": [
      {
        "bookingUrl": "https://www.riocinema.org.uk/checkout/showing/lsff-the-gap-in-the-curtain-qa/249001",
        "notes": "92 of 162 seats remaining",
        "screen": "1",
        "time": 1737210600000,
      },
    ],
    "title": "LSFF: The Gap in the Curtain + Q&A",
    "url": "https://www.riocinema.org.uk/movie/lsff-the-gap-in-the-curtain-qa",
  },
  {
    "overview": {
      "actors": [],
      "categories": [],
      "certification": "15",
      "directors": [],
      "duration": 5700000,
    },
    "performances": [
      {
        "bookingUrl": "https://www.riocinema.org.uk/checkout/showing/lsff-alien-extravaganza/249003",
        "notes": "100 of 162 seats remaining",
        "screen": "1",
        "time": 1737319500000,
      },
    ],
    "title": "LSFF: Alien Extravaganza",
    "url": "https://www.riocinema.org.uk/movie/lsff-alien-extravaganza",
  },
  {
    "overview": {
      "actors": [],
      "categories": [],
      "certification": "15",
      "directors": [],
      "duration": 5700000,
    },
    "performances": [
      {
        "bookingUrl": "https://www.riocinema.org.uk/checkout/showing/lsff-x-babes-with-blades-fighting-form-qa/249965",
        "notes": "262 of 386 seats remaining",
        "screen": "1",
        "time": 1737298800000,
      },
    ],
    "title": "LSFF x Babes with Blades: Fighting Form + Q&A",
    "url": "https://www.riocinema.org.uk/movie/lsff-x-babes-with-blades-fighting-form-qa",
  },
  {
    "overview": {
      "actors": [
        "Timothée Chalamet",
        "Edward Norton",
        "Elle Fanning",
        "Monica Barbaro",
        "Joe Tippett",
        "Eriko Hatsune",
        "Peter Gerety",
      ],
      "categories": [
        "Drama",
        "Music",
        "History",
      ],
      "certification": "15",
      "directors": [
        "James Mangold",
      ],
      "duration": 8400000,
      "trailer": "https://www.youtube.com/watch?v=Zwv-vVOjpCk",
    },
    "performances": [
      {
        "bookingUrl": "https://www.riocinema.org.uk/checkout/showing/carers-babies-club-a-complete-unknown/260218",
        "notes": "171 of 172 seats remaining",
        "screen": "1",
        "time": 1737370800000,
      },
    ],
    "title": "Carers & Babies Club: A Complete Unknown",
    "url": "https://www.riocinema.org.uk/movie/carers-babies-club-a-complete-unknown",
  },
  {
    "overview": {
      "actors": [],
      "categories": [],
      "certification": "15",
      "directors": [],
      "duration": 5700000,
    },
    "performances": [
      {
        "bookingUrl": "https://www.riocinema.org.uk/checkout/showing/lsff-lo-budget-mayhem-2025-intros/249091",
        "notes": "205 of 386 seats remaining",
        "screen": "1",
        "time": 1737397800000,
      },
    ],
    "title": "LSFF: Lo-Budget Mayhem 2025 + Intros",
    "url": "https://www.riocinema.org.uk/movie/lsff-lo-budget-mayhem-2025-intros",
  },
  {
    "overview": {
      "actors": [
        "Maggie Smith",
        "Alex Jennings",
        "Jim Broadbent",
      ],
      "categories": [],
      "certification": "12A",
      "directors": [
        "Nicholas Hytner",
      ],
      "duration": 6240000,
      "trailer": "https://www.youtube.com/watch?v=47T0HORY9gs",
    },
    "performances": [
      {
        "bookingUrl": "https://www.riocinema.org.uk/checkout/showing/classic-matinee-the-lady-in-the-van/259175",
        "notes": "158 of 162 seats remaining",
        "screen": "1",
        "time": 1737383400000,
      },
    ],
    "title": "Classic Matinee: The Lady in the Van",
    "url": "https://www.riocinema.org.uk/movie/classic-matinee-the-lady-in-the-van",
  },
  {
    "overview": {
      "actors": [
        "Kim Ok-bin",
        "Shin Ha-kyun",
        "Sung Joon",
        "Kim Seo-hyung",
      ],
      "categories": [],
      "certification": "15",
      "directors": [
        "Byung-gil Jung",
      ],
      "duration": 7740000,
    },
    "performances": [
      {
        "bookingUrl": "https://www.riocinema.org.uk/checkout/showing/lsff-x-bwb-the-villainess-intro/249002",
        "notes": "133 of 162 seats remaining",
        "screen": "1",
        "time": 1737568800000,
      },
    ],
    "title": "LSFF x BWB: The Villainess + Intro",
    "url": "https://www.riocinema.org.uk/movie/lsff-x-bwb-the-villainess-intro",
  },
  {
    "overview": {
      "actors": [
        "Geoff Edholm",
        "David Schachter",
        "Damon Hairston",
        "Joyce Korn",
        "Billy Lux",
        "David Rose",
      ],
      "categories": [
        "Drama",
      ],
      "certification": "15",
      "directors": [
        "Arthur J. Bressan",
      ],
      "duration": 4560000,
      "trailer": "https://www.youtube.com/watch?v=_kir7Qg8fc0",
    },
    "performances": [
      {
        "bookingUrl": "https://www.riocinema.org.uk/checkout/showing/pink-palace-buddies/257838",
        "notes": "14 of 25 seats remaining",
        "screen": "Ludski Bar",
        "time": 1737660600000,
      },
    ],
    "title": "PINK PALACE: BUDDIES",
    "url": "https://www.riocinema.org.uk/movie/pink-palace-buddies",
  },
  {
    "overview": {
      "actors": [],
      "categories": [],
      "certification": "15",
      "directors": [],
      "duration": 4200000,
    },
    "performances": [
      {
        "bookingUrl": "https://www.riocinema.org.uk/checkout/showing/lsffdark-fantasies/249093",
        "notes": "105 of 162 seats remaining",
        "screen": "1",
        "time": 1737657900000,
      },
    ],
    "title": "LSFF:Dark Fantasies",
    "url": "https://www.riocinema.org.uk/movie/lsffdark-fantasies",
  },
  {
    "overview": {
      "actors": [
        "Adrien Brody",
        "Felicity Jones",
        "Guy Pearce",
        "Joe Alwyn",
        "Raffey Cassidy",
        "Stacy Martin",
        "Emma Laird",
        "Alessandro Nivola",
      ],
      "categories": [
        "Drama",
      ],
      "certification": "18",
      "directors": [
        "Brady Corbet",
      ],
      "duration": 12900000,
      "trailer": "https://www.youtube.com/watch?v=hNiwPU5vjCk",
    },
    "performances": [
      {
        "bookingUrl": "https://www.riocinema.org.uk/checkout/showing/the-brutalist/261020",
        "notes": "162 of 162 seats remaining",
        "screen": "1",
        "time": 1737745200000,
      },
      {
        "bookingUrl": "https://www.riocinema.org.uk/checkout/showing/the-brutalist/261021",
        "notes": "159 of 162 seats remaining",
        "screen": "1",
        "time": 1737831600000,
      },
      {
        "bookingUrl": "https://www.riocinema.org.uk/checkout/showing/the-brutalist/261022",
        "notes": "162 of 162 seats remaining",
        "screen": "1",
        "time": 1737918000000,
      },
      {
        "bookingUrl": "https://www.riocinema.org.uk/checkout/showing/the-brutalist/261023",
        "notes": "160 of 162 seats remaining",
        "screen": "1",
        "time": 1738004400000,
      },
      {
        "bookingUrl": "https://www.riocinema.org.uk/checkout/showing/the-brutalist/261024",
        "notes": "162 of 162 seats remaining",
        "screen": "1",
        "time": 1738090800000,
      },
      {
        "bookingUrl": "https://www.riocinema.org.uk/checkout/showing/the-brutalist/261025",
        "notes": "159 of 162 seats remaining",
        "screen": "1",
        "time": 1738177200000,
      },
      {
        "bookingUrl": "https://www.riocinema.org.uk/checkout/showing/the-brutalist/261026",
        "notes": "162 of 162 seats remaining",
        "screen": "1",
        "time": 1738263600000,
      },
    ],
    "title": "The Brutalist",
    "url": "https://www.riocinema.org.uk/movie/the-brutalist",
  },
  {
    "overview": {
      "actors": [],
      "categories": [],
      "certification": "15",
      "directors": [],
      "duration": 5700000,
    },
    "performances": [
      {
        "bookingUrl": "https://www.riocinema.org.uk/checkout/showing/lssf-midnight-movies/249097",
        "notes": "102 of 162 seats remaining",
        "screen": "1",
        "time": 1737761400000,
      },
    ],
    "title": "LSSF: Midnight Movies",
    "url": "https://www.riocinema.org.uk/movie/lssf-midnight-movies",
  },
  {
    "overview": {
      "actors": [],
      "categories": [],
      "certification": "15",
      "directors": [],
      "duration": 5400000,
    },
    "performances": [
      {
        "bookingUrl": "https://www.riocinema.org.uk/checkout/showing/lsff-wtf-with-filmmaker-qa/249101",
        "notes": "276 of 386 seats remaining",
        "screen": "1",
        "time": 1737815400000,
      },
    ],
    "title": "LSFF: WTF! with Filmmaker Q&A",
    "url": "https://www.riocinema.org.uk/movie/lsff-wtf-with-filmmaker-qa",
  },
  {
    "overview": {
      "actors": [
        "Marisa Paredes",
        "Rossy de Palma",
        "Chus Lampreave",
        "Carmen Elias",
        "Joaquin Cortes",
      ],
      "categories": [],
      "certification": "15",
      "directors": [
        "Pedro Almodovar",
      ],
      "duration": 6360000,
      "trailer": "https://www.youtube.com/watch?v=Zg7qqTOgT1M",
    },
    "performances": [
      {
        "bookingUrl": "https://www.riocinema.org.uk/checkout/showing/pink-palacethe-flower-of-my-secret/259004",
        "notes": "8 of 25 seats remaining",
        "screen": "Ludski Bar",
        "time": 1738180800000,
      },
    ],
    "title": "PINK PALACE:THE FLOWER OF MY SECRET",
    "url": "https://www.riocinema.org.uk/movie/pink-palacethe-flower-of-my-secret",
  },
  {
    "overview": {
      "actors": [
        "Glenda Jackson",
        "Peter Finch",
        "Murray Head",
      ],
      "categories": [],
      "certification": "15",
      "directors": [
        "John Schlesinger",
      ],
      "duration": 6600000,
      "trailer": "https://www.youtube.com/watch?v=YLYLasLqII4",
    },
    "performances": [
      {
        "bookingUrl": "https://www.riocinema.org.uk/checkout/showing/pink-palace-sunday-bloody-sunday/257863",
        "notes": "19 of 25 seats remaining",
        "screen": "Ludski Bar",
        "time": 1738265400000,
      },
    ],
    "title": "PINK PALACE: SUNDAY BLOODY SUNDAY",
    "url": "https://www.riocinema.org.uk/movie/pink-palace-sunday-bloody-sunday",
  },
  {
    "overview": {
      "actors": [],
      "categories": [],
      "certification": "15",
      "directors": [
        "Ila Mehrotra",
      ],
      "duration": 4200000,
      "trailer": "https://www.youtube.com/watch?v=YLLOecDidSg",
    },
    "performances": [
      {
        "bookingUrl": "https://www.riocinema.org.uk/checkout/showing/pink-palaceindias-1st-best-trans-model-agency/258556",
        "notes": "21 of 25 seats remaining",
        "screen": "Ludski Bar",
        "time": 1738785600000,
      },
    ],
    "title": "PINK PALACE:INDIA'S 1ST BEST TRANS MODEL AGENCY",
    "url": "https://www.riocinema.org.uk/movie/pink-palaceindias-1st-best-trans-model-agency",
  },
  {
    "overview": {
      "actors": [],
      "categories": [],
      "certification": "15",
      "directors": [
        "Joe Gross",
        "Jeff Krulik",
        "Joseph Pattisall",
      ],
      "duration": 5760000,
      "trailer": "https://www.youtube.com/watch?v=b2YvUkzHC3E",
    },
    "performances": [
      {
        "bookingUrl": "https://www.riocinema.org.uk/checkout/showing/we-are-fugazi-from-washington-dc-qa/259880",
        "notes": "141 of 162 seats remaining",
        "screen": "1",
        "time": 1739032200000,
      },
    ],
    "title": "We Are Fugazi from Washington, D.C + Q&A",
    "url": "https://www.riocinema.org.uk/movie/we-are-fugazi-from-washington-dc-qa",
  },
  {
    "overview": {
      "actors": [
        "Pamela Anderson",
        "Jamie Lee Curtis",
        "Dave Bautista",
        "Kiernan Shipka",
        "Brenda Song",
        "Billie Lourd",
      ],
      "categories": [],
      "certification": "15",
      "directors": [
        "Gia Coppola",
      ],
      "duration": 5100000,
      "trailer": "https://www.youtube.com/watch?v=r4xpoKBKrpo",
    },
    "performances": [
      {
        "bookingUrl": "https://www.riocinema.org.uk/checkout/showing/preview-the-last-showgirl-pamela-anderson-qa/254131",
        "notes": "2 of 162 seats remaining",
        "screen": "1",
        "time": 1739220300000,
      },
    ],
    "title": "Preview: The Last Showgirl + Pamela Anderson Q&A",
    "url": "https://www.riocinema.org.uk/movie/preview-the-last-showgirl-pamela-anderson-qa",
  },
  {
    "overview": {
      "actors": [
        "Lorenz Hochhuth",
        "Cino Djavid",
        "Gustav Schmidt",
        "Oscar Hoppe",
        "Aviran Edri",
      ],
      "categories": [],
      "certification": "18",
      "directors": [
        "Hannes Hirsch",
      ],
      "duration": 4740000,
      "trailer": "https://www.youtube.com/watch?v=Yx__5xTdmQg",
    },
    "performances": [
      {
        "bookingUrl": "https://www.riocinema.org.uk/checkout/showing/pink-palace-drifter/259060",
        "notes": "19 of 25 seats remaining",
        "screen": "Ludski Bar",
        "time": 1739475000000,
      },
    ],
    "title": "PINK PALACE: DRIFTER",
    "url": "https://www.riocinema.org.uk/movie/pink-palace-drifter",
  },
  {
    "overview": {
      "actors": [],
      "categories": [],
      "certification": "15",
      "directors": [],
      "duration": 14400000,
    },
    "performances": [
      {
        "bookingUrl": "https://www.riocinema.org.uk/checkout/showing/valentines-wes-anderson-double-bill-badlands-moonrise-kingdom/259337",
        "notes": "25 of 25 seats remaining",
        "screen": "Ludski Bar",
        "time": 1739708100000,
      },
      {
        "bookingUrl": "https://www.riocinema.org.uk/checkout/showing/valentines-wes-anderson-double-bill-badlands-moonrise-kingdom/259332",
        "notes": "164 of 172 seats remaining",
        "screen": "1",
        "time": 1739714400000,
      },
      {
        "bookingUrl": "https://www.riocinema.org.uk/checkout/showing/valentines-wes-anderson-double-bill-badlands-moonrise-kingdom/259340",
        "notes": "25 of 25 seats remaining",
        "screen": "Ludski Bar",
        "time": 1739727000000,
      },
    ],
    "title": "Valentines Wes Anderson Double Bill: Badlands & Moonrise Kingdom",
    "url": "https://www.riocinema.org.uk/movie/valentines-wes-anderson-double-bill-badlands-moonrise-kingdom",
  },
  {
    "overview": {
      "actors": [
        "Jared Gilman",
        "Kara Hayward",
        "Bruce Willis",
        "Edward Norton",
        "Bill Murray",
        "Frances McDormand",
        "Tilda Swinton",
        "Jason Schwartzman",
        "Bob Balaban",
      ],
      "categories": [],
      "certification": "12A",
      "directors": [
        "Wes Anderson",
      ],
      "duration": 6000000,
      "trailer": "https://www.youtube.com/watch?v=dzx9GUdDz7k",
    },
    "performances": [
      {
        "bookingUrl": "https://www.riocinema.org.uk/checkout/showing/moonrise-kingdom/259339",
        "notes": "25 of 25 seats remaining",
        "screen": "Ludski Bar",
        "time": 1739716800000,
      },
      {
        "bookingUrl": "https://www.riocinema.org.uk/checkout/showing/moonrise-kingdom/259334",
        "notes": "164 of 172 seats remaining",
        "screen": "1",
        "time": 1739721600000,
      },
      {
        "bookingUrl": "https://www.riocinema.org.uk/checkout/showing/moonrise-kingdom/259342",
        "notes": "25 of 25 seats remaining",
        "screen": "Ludski Bar",
        "time": 1739735700000,
      },
    ],
    "title": "Moonrise Kingdom",
    "url": "https://www.riocinema.org.uk/movie/moonrise-kingdom",
  },
  {
    "overview": {
      "actors": [
        "Martin Sheen",
        "Sissy Spacek",
      ],
      "categories": [],
      "certification": "15",
      "directors": [
        "Terrence Malick",
      ],
      "duration": 6600000,
      "trailer": "https://www.youtube.com/watch?v=_tp0JmXUdXU",
    },
    "performances": [
      {
        "bookingUrl": "https://www.riocinema.org.uk/checkout/showing/badlands/259338",
        "notes": "25 of 25 seats remaining",
        "screen": "Ludski Bar",
        "time": 1739708100000,
      },
      {
        "bookingUrl": "https://www.riocinema.org.uk/checkout/showing/badlands/259333",
        "notes": "164 of 172 seats remaining",
        "screen": "1",
        "time": 1739714400000,
      },
      {
        "bookingUrl": "https://www.riocinema.org.uk/checkout/showing/badlands/259341",
        "notes": "25 of 25 seats remaining",
        "screen": "Ludski Bar",
        "time": 1739727000000,
      },
    ],
    "title": "Badlands",
    "url": "https://www.riocinema.org.uk/movie/badlands",
  },
  {
    "overview": {
      "actors": [
        "Humphrey Bogart",
        "Ingrid Bergman",
        "Paul Henreid",
      ],
      "categories": [],
      "certification": "U",
      "directors": [
        "Michael Curtiz",
      ],
      "duration": 6120000,
      "trailer": "https://www.youtube.com/watch?v=MF7JH_54d8c",
    },
    "performances": [
      {
        "bookingUrl": "https://www.riocinema.org.uk/checkout/showing/classic-matinee-casablanca/261086",
        "notes": "161 of 162 seats remaining",
        "screen": "1",
        "time": 1739802600000,
      },
    ],
    "title": "Classic Matinee: Casablanca",
    "url": "https://www.riocinema.org.uk/movie/classic-matinee-casablanca",
  },
  {
    "overview": {
      "actors": [
        "Pat Rocco",
        "Charlie David",
        "Phyllis Diller",
        "Harvey Milk",
      ],
      "categories": [],
      "certification": "18",
      "directors": [
        "Morris Chapdelaine",
        "Bob Christie",
      ],
      "duration": 5400000,
      "trailer": "https://www.youtube.com/watch?v=6EBN6aXqVgc",
    },
    "performances": [
      {
        "bookingUrl": "https://www.riocinema.org.uk/checkout/showing/pink-palace-pat-rocco-dared/259335",
        "notes": "30 of 30 seats remaining",
        "screen": "2",
        "time": 1739716200000,
      },
      {
        "bookingUrl": "https://www.riocinema.org.uk/checkout/showing/pink-palace-pat-rocco-dared/259336",
        "notes": "30 of 30 seats remaining",
        "screen": "2",
        "time": 1739737800000,
      },
      {
        "bookingUrl": "https://www.riocinema.org.uk/checkout/showing/pink-palace-pat-rocco-dared/257864",
        "notes": "25 of 25 seats remaining",
        "screen": "Ludski Bar",
        "time": 1739995200000,
      },
    ],
    "title": "PINK PALACE: PAT ROCCO DARED",
    "url": "https://www.riocinema.org.uk/movie/pink-palace-pat-rocco-dared",
  },
  {
    "overview": {
      "actors": [
        "Juan Atkins",
        "Derrick May",
        "Kevin Saunderson",
        "Blake Baxter",
        "Santonio Echols",
        "Eddie Fowlkes",
      ],
      "categories": [],
      "certification": "15",
      "directors": [
        "Kristian R. Hill",
      ],
      "duration": 5400000,
      "trailer": "https://www.youtube.com/watch?v=gzM_hLrP-WY",
    },
    "performances": [
      {
        "bookingUrl": "https://www.riocinema.org.uk/checkout/showing/docn-roll-god-said-give-em-drum-machines/260807",
        "notes": "151 of 162 seats remaining",
        "screen": "1",
        "time": 1740594600000,
      },
    ],
    "title": "Doc'n Roll: God Said Give ‘Em Drum Machines",
    "url": "https://www.riocinema.org.uk/movie/docn-roll-god-said-give-em-drum-machines",
  },
  {
    "overview": {
      "actors": [],
      "categories": [],
      "certification": "15",
      "directors": [
        "Julia Greenberg",
        "Dianna Dilworth",
      ],
      "duration": 4800000,
    },
    "performances": [
      {
        "bookingUrl": "https://www.riocinema.org.uk/checkout/showing/dory-previn-on-my-way-to-where-director-qa/260890",
        "notes": "162 of 162 seats remaining",
        "screen": "1",
        "time": 1741285800000,
      },
    ],
    "title": "Dory Previn; On My Way to Where + director Q&A",
    "url": "https://www.riocinema.org.uk/movie/dory-previn-on-my-way-to-where-director-qa",
  },
  {
    "overview": {
      "actors": [
        "Lesley Manville",
        "Isabelle Huppert",
        "Lambert Wilson",
        "Alba Baptista",
        "Lucas Bravo",
        "and Jason Isaacs.",
      ],
      "categories": [],
      "certification": "PG",
      "directors": [
        "Anthony Fabian",
      ],
      "duration": 6960000,
      "trailer": "https://www.youtube.com/watch?v=h1tIdv5avWY",
    },
    "performances": [
      {
        "bookingUrl": "https://www.riocinema.org.uk/checkout/showing/classic-matinee-mrs-harris-goes-to-paris/261161",
        "notes": "162 of 162 seats remaining",
        "screen": "1",
        "time": 1741617000000,
      },
    ],
    "title": "Classic Matinee: Mrs. Harris Goes To Paris",
    "url": "https://www.riocinema.org.uk/movie/classic-matinee-mrs-harris-goes-to-paris",
  },
  {
    "overview": {
      "actors": [],
      "categories": [],
      "certification": "15",
      "directors": [
        "Pietro Anton",
      ],
      "duration": 3240000,
      "trailer": "https://www.youtube.com/watch?v=vuDgDKMonb0",
    },
    "performances": [
      {
        "bookingUrl": "https://www.riocinema.org.uk/checkout/showing/docn-roll-electronic-body-movie-director-qa/260976",
        "notes": "162 of 162 seats remaining",
        "screen": "1",
        "time": 1742053500000,
      },
    ],
    "title": "Doc'n Roll: Electronic Body Movie + director Q&A",
    "url": "https://www.riocinema.org.uk/movie/docn-roll-electronic-body-movie-director-qa",
  },
  {
    "overview": {
      "actors": [
        "Benjamin Christensen",
        "Clara Pontoppidan",
        "Oscar Stribolt",
        "Astrid Holm",
        "Maren Pedersen",
      ],
      "categories": [],
      "certification": "15",
      "directors": [
        "Benjamin Christensen",
      ],
      "duration": 6300000,
      "trailer": "https://www.youtube.com/watch?v=/bt15G5109bk",
    },
    "performances": [
      {
        "bookingUrl": "https://www.riocinema.org.uk/checkout/showing/haxan-witchcraft-through-the-ages-live-score/251750",
        "notes": "147 of 162 seats remaining",
        "screen": "1",
        "time": 1742675400000,
      },
    ],
    "title": "Haxan: Witchcraft Through the Ages + Live Score",
    "url": "https://www.riocinema.org.uk/movie/haxan-witchcraft-through-the-ages-live-score",
  },
  {
    "overview": {
      "actors": [
        "Judy Garland",
        "Fred Astaire",
      ],
      "categories": [],
      "certification": "U",
      "directors": [
        "Charles Walters",
      ],
      "duration": 6420000,
      "trailer": "https://www.youtube.com/watch?v=KKr9S2UNFAU",
    },
    "performances": [
      {
        "bookingUrl": "https://www.riocinema.org.uk/checkout/showing/classic-matinee-easter-parade/261201",
        "notes": "162 of 162 seats remaining",
        "screen": "1",
        "time": 1744637400000,
      },
    ],
    "title": "Classic Matinee: Easter Parade",
    "url": "https://www.riocinema.org.uk/movie/classic-matinee-easter-parade",
  },
]
`;
