// Jest Snapshot v1, https://goo.gl/fbAQLP

exports[`Cineworld (common) when movies with local screenings provided for West India Quay returns a list of events 1`] = `
[
  {
    "overview": {
      "actors": [],
      "categories": [
        "Drama",
        "Action",
      ],
      "certificate": "15",
      "directors": [],
      "duration": 8820000,
      "trailer": "https://youtu.be/teN0JZ67KZU?si=Y146vb2D5pntWKVw",
    },
    "performances": [
      {
        "bookingUrl": "https://experience.cineworld.co.uk/select-tickets?sitecode=041&site=041&id=172272&lang=en-GB",
        "notes": "This is a subtitled screening",
        "screen": "4",
        "time": 1736710800000,
      },
      {
        "bookingUrl": "https://experience.cineworld.co.uk/select-tickets?sitecode=041&site=041&id=173175&lang=en-GB",
        "notes": "This is a subtitled screening",
        "screen": "4",
        "time": 1736970000000,
      },
      {
        "bookingUrl": "https://experience.cineworld.co.uk/select-tickets?sitecode=041&site=041&id=173176&lang=en-GB",
        "notes": "This is a subtitled screening",
        "screen": "4",
        "time": 1737056400000,
      },
    ],
    "title": "Daaku Maharaaj (Telugu)",
    "url": "https://www.cineworld.co.uk/films/daaku-maharaaj-telugu/ho00012426",
  },
  {
    "overview": {
      "actors": [],
      "categories": [
        "Drama",
      ],
      "certificate": "18",
      "directors": [],
      "duration": 6840000,
      "trailer": "https://youtu.be/dq_bnfZy9-g?si=kHQN1OVoimOCAakf",
    },
    "performances": [
      {
        "bookingUrl": "https://experience.cineworld.co.uk/select-tickets?sitecode=041&site=041&id=173263&lang=en-GB",
        "notes": "This is an audio described screening. A special headset will be supplied if required. The performance is otherwise unaffected and is suitable for all customers.",
        "screen": "9",
        "time": 1736692800000,
      },
      {
        "bookingUrl": "https://experience.cineworld.co.uk/select-tickets?sitecode=041&site=041&id=172657&lang=en-GB",
        "notes": "This is an audio described screening. A special headset will be supplied if required. The performance is otherwise unaffected and is suitable for all customers.",
        "screen": "9",
        "time": 1736703000000,
      },
      {
        "bookingUrl": "https://experience.cineworld.co.uk/select-tickets?sitecode=041&site=041&id=172656&lang=en-GB",
        "notes": "This is an audio described screening. A special headset will be supplied if required. The performance is otherwise unaffected and is suitable for all customers.",
        "screen": "9",
        "time": 1736713200000,
      },
      {
        "bookingUrl": "https://experience.cineworld.co.uk/select-tickets?sitecode=041&site=041&id=173264&lang=en-GB",
        "notes": "This is an audio described screening. A special headset will be supplied if required. The performance is otherwise unaffected and is suitable for all customers.",
        "screen": "9",
        "time": 1736779200000,
      },
      {
        "bookingUrl": "https://experience.cineworld.co.uk/select-tickets?sitecode=041&site=041&id=173265&lang=en-GB",
        "notes": "This is an audio described screening. A special headset will be supplied if required. The performance is otherwise unaffected and is suitable for all customers.
This is a subtitled screening",
        "screen": "9",
        "time": 1736789400000,
      },
      {
        "bookingUrl": "https://experience.cineworld.co.uk/select-tickets?sitecode=041&site=041&id=173266&lang=en-GB",
        "notes": "This is an audio described screening. A special headset will be supplied if required. The performance is otherwise unaffected and is suitable for all customers.",
        "screen": "9",
        "time": 1736799600000,
      },
      {
        "bookingUrl": "https://experience.cineworld.co.uk/select-tickets?sitecode=041&site=041&id=173267&lang=en-GB",
        "notes": "This is an audio described screening. A special headset will be supplied if required. The performance is otherwise unaffected and is suitable for all customers.",
        "screen": "9",
        "time": 1736865600000,
      },
      {
        "bookingUrl": "https://experience.cineworld.co.uk/select-tickets?sitecode=041&site=041&id=173268&lang=en-GB",
        "notes": "This is an audio described screening. A special headset will be supplied if required. The performance is otherwise unaffected and is suitable for all customers.",
        "screen": "9",
        "time": 1736875800000,
      },
      {
        "bookingUrl": "https://experience.cineworld.co.uk/select-tickets?sitecode=041&site=041&id=173269&lang=en-GB",
        "notes": "This is an audio described screening. A special headset will be supplied if required. The performance is otherwise unaffected and is suitable for all customers.",
        "screen": "9",
        "time": 1736886000000,
      },
      {
        "bookingUrl": "https://experience.cineworld.co.uk/select-tickets?sitecode=041&site=041&id=173270&lang=en-GB",
        "notes": "This is an audio described screening. A special headset will be supplied if required. The performance is otherwise unaffected and is suitable for all customers.",
        "screen": "9",
        "time": 1736952000000,
      },
      {
        "bookingUrl": "https://experience.cineworld.co.uk/select-tickets?sitecode=041&site=041&id=173271&lang=en-GB",
        "notes": "This is an audio described screening. A special headset will be supplied if required. The performance is otherwise unaffected and is suitable for all customers.",
        "screen": "9",
        "time": 1736962200000,
      },
      {
        "bookingUrl": "https://experience.cineworld.co.uk/select-tickets?sitecode=041&site=041&id=173272&lang=en-GB",
        "notes": "This is an audio described screening. A special headset will be supplied if required. The performance is otherwise unaffected and is suitable for all customers.",
        "screen": "9",
        "time": 1736972400000,
      },
      {
        "bookingUrl": "https://experience.cineworld.co.uk/select-tickets?sitecode=041&site=041&id=173273&lang=en-GB",
        "notes": "This is an audio described screening. A special headset will be supplied if required. The performance is otherwise unaffected and is suitable for all customers.",
        "screen": "9",
        "time": 1737038400000,
      },
      {
        "bookingUrl": "https://experience.cineworld.co.uk/select-tickets?sitecode=041&site=041&id=173274&lang=en-GB",
        "notes": "This is an audio described screening. A special headset will be supplied if required. The performance is otherwise unaffected and is suitable for all customers.",
        "screen": "9",
        "time": 1737048600000,
      },
      {
        "bookingUrl": "https://experience.cineworld.co.uk/select-tickets?sitecode=041&site=041&id=173275&lang=en-GB",
        "notes": "This is an audio described screening. A special headset will be supplied if required. The performance is otherwise unaffected and is suitable for all customers.",
        "screen": "9",
        "time": 1737058800000,
      },
    ],
    "title": "Babygirl",
    "url": "https://www.cineworld.co.uk/films/babygirl/ho00012395",
  },
  {
    "overview": {
      "actors": [],
      "categories": [
        "Drama",
      ],
      "certificate": "12A",
      "directors": [],
      "duration": 7380000,
      "trailer": "https://youtu.be/mVIXaTdxlQc?si=TcD7uu6dm7FhS4SF",
    },
    "performances": [
      {
        "bookingUrl": "https://experience.cineworld.co.uk/select-tickets?sitecode=041&site=041&id=173106&lang=en-GB",
        "notes": "This is an audio described screening. A special headset will be supplied if required. The performance is otherwise unaffected and is suitable for all customers.",
        "screen": "1",
        "time": 1736711400000,
      },
      {
        "bookingUrl": "https://experience.cineworld.co.uk/select-tickets?sitecode=041&site=041&id=173238&lang=en-GB",
        "notes": "This is an audio described screening. A special headset will be supplied if required. The performance is otherwise unaffected and is suitable for all customers.",
        "screen": "8",
        "time": 1736773200000,
      },
      {
        "bookingUrl": "https://experience.cineworld.co.uk/select-tickets?sitecode=041&site=041&id=173279&lang=en-GB",
        "notes": "This is an audio described screening. A special headset will be supplied if required. The performance is otherwise unaffected and is suitable for all customers.",
        "screen": "10",
        "time": 1736785800000,
      },
      {
        "bookingUrl": "https://experience.cineworld.co.uk/select-tickets?sitecode=041&site=041&id=173107&lang=en-GB",
        "notes": "This is an audio described screening. A special headset will be supplied if required. The performance is otherwise unaffected and is suitable for all customers.",
        "screen": "1",
        "time": 1736797800000,
      },
      {
        "bookingUrl": "https://experience.cineworld.co.uk/select-tickets?sitecode=041&site=041&id=173239&lang=en-GB",
        "notes": "This is an audio described screening. A special headset will be supplied if required. The performance is otherwise unaffected and is suitable for all customers.",
        "screen": "8",
        "time": 1736859600000,
      },
      {
        "bookingUrl": "https://experience.cineworld.co.uk/select-tickets?sitecode=041&site=041&id=173196&lang=en-GB",
        "notes": "This is an audio described screening. A special headset will be supplied if required. The performance is otherwise unaffected and is suitable for all customers.",
        "screen": "5",
        "time": 1736872200000,
      },
      {
        "bookingUrl": "https://experience.cineworld.co.uk/select-tickets?sitecode=041&site=041&id=173108&lang=en-GB",
        "notes": "This is an audio described screening. A special headset will be supplied if required. The performance is otherwise unaffected and is suitable for all customers.",
        "screen": "1",
        "time": 1736884200000,
      },
      {
        "bookingUrl": "https://experience.cineworld.co.uk/select-tickets?sitecode=041&site=041&id=173240&lang=en-GB",
        "notes": "This is an audio described screening. A special headset will be supplied if required. The performance is otherwise unaffected and is suitable for all customers.",
        "screen": "8",
        "time": 1736946000000,
      },
      {
        "bookingUrl": "https://experience.cineworld.co.uk/select-tickets?sitecode=041&site=041&id=173280&lang=en-GB",
        "notes": "This is an audio described screening. A special headset will be supplied if required. The performance is otherwise unaffected and is suitable for all customers.",
        "screen": "10",
        "time": 1736958600000,
      },
      {
        "bookingUrl": "https://experience.cineworld.co.uk/select-tickets?sitecode=041&site=041&id=173109&lang=en-GB",
        "notes": "This is an audio described screening. A special headset will be supplied if required. The performance is otherwise unaffected and is suitable for all customers.",
        "screen": "1",
        "time": 1736970600000,
      },
      {
        "bookingUrl": "https://experience.cineworld.co.uk/select-tickets?sitecode=041&site=041&id=173241&lang=en-GB",
        "notes": "This is an audio described screening. A special headset will be supplied if required. The performance is otherwise unaffected and is suitable for all customers.",
        "screen": "8",
        "time": 1737032400000,
      },
      {
        "bookingUrl": "https://experience.cineworld.co.uk/select-tickets?sitecode=041&site=041&id=173281&lang=en-GB",
        "notes": "This is an audio described screening. A special headset will be supplied if required. The performance is otherwise unaffected and is suitable for all customers.",
        "screen": "10",
        "time": 1737045000000,
      },
      {
        "bookingUrl": "https://experience.cineworld.co.uk/select-tickets?sitecode=041&site=041&id=173110&lang=en-GB",
        "notes": "This is an audio described screening. A special headset will be supplied if required. The performance is otherwise unaffected and is suitable for all customers.",
        "screen": "1",
        "time": 1737057000000,
      },
    ],
    "title": "Maria",
    "url": "https://www.cineworld.co.uk/films/maria/ho00012396",
  },
  {
    "overview": {
      "actors": [],
      "categories": [
        "Comedy",
      ],
      "certificate": "15",
      "directors": [],
      "duration": 5400000,
      "trailer": "https://youtu.be/lGeZQWMMDgM?si=8tg8EyI57GE78bcl",
    },
    "performances": [
      {
        "bookingUrl": "https://experience.cineworld.co.uk/select-tickets?sitecode=041&site=041&id=173133&lang=en-GB",
        "notes": "This is an audio described screening. A special headset will be supplied if required. The performance is otherwise unaffected and is suitable for all customers.
This is a subtitled screening",
        "screen": "2",
        "time": 1736697600000,
      },
      {
        "bookingUrl": "https://experience.cineworld.co.uk/select-tickets?sitecode=041&site=041&id=173134&lang=en-GB",
        "notes": "This is an audio described screening. A special headset will be supplied if required. The performance is otherwise unaffected and is suitable for all customers.",
        "screen": "2",
        "time": 1736705700000,
      },
      {
        "bookingUrl": "https://experience.cineworld.co.uk/select-tickets?sitecode=041&site=041&id=173135&lang=en-GB",
        "notes": "This is an audio described screening. A special headset will be supplied if required. The performance is otherwise unaffected and is suitable for all customers.",
        "screen": "2",
        "time": 1736713800000,
      },
      {
        "bookingUrl": "https://experience.cineworld.co.uk/select-tickets?sitecode=041&site=041&id=173136&lang=en-GB",
        "notes": "This is an audio described screening. A special headset will be supplied if required. The performance is otherwise unaffected and is suitable for all customers.",
        "screen": "2",
        "time": 1736775600000,
      },
      {
        "bookingUrl": "https://experience.cineworld.co.uk/select-tickets?sitecode=041&site=041&id=173137&lang=en-GB",
        "notes": "This is an audio described screening. A special headset will be supplied if required. The performance is otherwise unaffected and is suitable for all customers.",
        "screen": "2",
        "time": 1736784000000,
      },
      {
        "bookingUrl": "https://experience.cineworld.co.uk/select-tickets?sitecode=041&site=041&id=173138&lang=en-GB",
        "notes": "This is an audio described screening. A special headset will be supplied if required. The performance is otherwise unaffected and is suitable for all customers.",
        "screen": "2",
        "time": 1736792100000,
      },
      {
        "bookingUrl": "https://experience.cineworld.co.uk/select-tickets?sitecode=041&site=041&id=173139&lang=en-GB",
        "notes": "This is an audio described screening. A special headset will be supplied if required. The performance is otherwise unaffected and is suitable for all customers.",
        "screen": "2",
        "time": 1736800200000,
      },
      {
        "bookingUrl": "https://experience.cineworld.co.uk/select-tickets?sitecode=041&site=041&id=173140&lang=en-GB",
        "notes": "This is an audio described screening. A special headset will be supplied if required. The performance is otherwise unaffected and is suitable for all customers.",
        "screen": "2",
        "time": 1736862000000,
      },
      {
        "bookingUrl": "https://experience.cineworld.co.uk/select-tickets?sitecode=041&site=041&id=173141&lang=en-GB",
        "notes": "This is an audio described screening. A special headset will be supplied if required. The performance is otherwise unaffected and is suitable for all customers.",
        "screen": "2",
        "time": 1736870400000,
      },
      {
        "bookingUrl": "https://experience.cineworld.co.uk/select-tickets?sitecode=041&site=041&id=173142&lang=en-GB",
        "notes": "This is an audio described screening. A special headset will be supplied if required. The performance is otherwise unaffected and is suitable for all customers.",
        "screen": "2",
        "time": 1736878500000,
      },
      {
        "bookingUrl": "https://experience.cineworld.co.uk/select-tickets?sitecode=041&site=041&id=173143&lang=en-GB",
        "notes": "This is an audio described screening. A special headset will be supplied if required. The performance is otherwise unaffected and is suitable for all customers.",
        "screen": "2",
        "time": 1736886600000,
      },
      {
        "bookingUrl": "https://experience.cineworld.co.uk/select-tickets?sitecode=041&site=041&id=173212&lang=en-GB",
        "notes": "This is an audio described screening. A special headset will be supplied if required. The performance is otherwise unaffected and is suitable for all customers.",
        "screen": "7",
        "time": 1736948400000,
      },
      {
        "bookingUrl": "https://experience.cineworld.co.uk/select-tickets?sitecode=041&site=041&id=173213&lang=en-GB",
        "notes": "This is an audio described screening. A special headset will be supplied if required. The performance is otherwise unaffected and is suitable for all customers.",
        "screen": "7",
        "time": 1736956800000,
      },
      {
        "bookingUrl": "https://experience.cineworld.co.uk/select-tickets?sitecode=041&site=041&id=173214&lang=en-GB",
        "notes": "This is an audio described screening. A special headset will be supplied if required. The performance is otherwise unaffected and is suitable for all customers.",
        "screen": "7",
        "time": 1736964900000,
      },
      {
        "bookingUrl": "https://experience.cineworld.co.uk/select-tickets?sitecode=041&site=041&id=173215&lang=en-GB",
        "notes": "This is an audio described screening. A special headset will be supplied if required. The performance is otherwise unaffected and is suitable for all customers.",
        "screen": "7",
        "time": 1736973000000,
      },
      {
        "bookingUrl": "https://experience.cineworld.co.uk/select-tickets?sitecode=041&site=041&id=173144&lang=en-GB",
        "notes": "This is an audio described screening. A special headset will be supplied if required. The performance is otherwise unaffected and is suitable for all customers.",
        "screen": "2",
        "time": 1737034800000,
      },
      {
        "bookingUrl": "https://experience.cineworld.co.uk/select-tickets?sitecode=041&site=041&id=173145&lang=en-GB",
        "notes": "This is an audio described screening. A special headset will be supplied if required. The performance is otherwise unaffected and is suitable for all customers.",
        "screen": "2",
        "time": 1737043200000,
      },
      {
        "bookingUrl": "https://experience.cineworld.co.uk/select-tickets?sitecode=041&site=041&id=173146&lang=en-GB",
        "notes": "This is an audio described screening. A special headset will be supplied if required. The performance is otherwise unaffected and is suitable for all customers.",
        "screen": "2",
        "time": 1737051300000,
      },
      {
        "bookingUrl": "https://experience.cineworld.co.uk/select-tickets?sitecode=041&site=041&id=173147&lang=en-GB",
        "notes": "This is an audio described screening. A special headset will be supplied if required. The performance is otherwise unaffected and is suitable for all customers.",
        "screen": "2",
        "time": 1737059400000,
      },
    ],
    "title": "A Real Pain",
    "url": "https://www.cineworld.co.uk/films/a-real-pain/ho00012459",
  },
  {
    "overview": {
      "actors": [],
      "categories": [
        "Horror",
      ],
      "certificate": "15",
      "directors": [],
      "duration": 7920000,
      "trailer": "https://youtu.be/Px6S0RxfAHg?si=UdtCl6jq4KNmL4Rq",
    },
    "performances": [
      {
        "bookingUrl": "https://experience.cineworld.co.uk/select-tickets?sitecode=041&site=041&id=173291&lang=en-GB",
        "notes": "This is an audio described screening. A special headset will be supplied if required. The performance is otherwise unaffected and is suitable for all customers.",
        "screen": "10",
        "time": 1736690400000,
      },
      {
        "bookingUrl": "https://experience.cineworld.co.uk/select-tickets?sitecode=041&site=041&id=173292&lang=en-GB",
        "notes": "This is an audio described screening. A special headset will be supplied if required. The performance is otherwise unaffected and is suitable for all customers.",
        "screen": "10",
        "time": 1736701800000,
      },
      {
        "bookingUrl": "https://experience.cineworld.co.uk/select-tickets?sitecode=041&site=041&id=173232&lang=en-GB",
        "notes": "This is an audio described screening. A special headset will be supplied if required. The performance is otherwise unaffected and is suitable for all customers.",
        "screen": "7",
        "time": 1736707800000,
      },
      {
        "bookingUrl": "https://experience.cineworld.co.uk/select-tickets?sitecode=041&site=041&id=173293&lang=en-GB",
        "notes": "This is an audio described screening. A special headset will be supplied if required. The performance is otherwise unaffected and is suitable for all customers.",
        "screen": "10",
        "time": 1736712600000,
      },
      {
        "bookingUrl": "https://experience.cineworld.co.uk/select-tickets?sitecode=041&site=041&id=173202&lang=en-GB",
        "notes": "This is an audio described screening. A special headset will be supplied if required. The performance is otherwise unaffected and is suitable for all customers.",
        "screen": "5",
        "time": 1736776800000,
      },
      {
        "bookingUrl": "https://experience.cineworld.co.uk/select-tickets?sitecode=041&site=041&id=173203&lang=en-GB",
        "notes": "This is an audio described screening. A special headset will be supplied if required. The performance is otherwise unaffected and is suitable for all customers.",
        "screen": "5",
        "time": 1736788200000,
      },
      {
        "bookingUrl": "https://experience.cineworld.co.uk/select-tickets?sitecode=041&site=041&id=173233&lang=en-GB",
        "notes": "This is an audio described screening. A special headset will be supplied if required. The performance is otherwise unaffected and is suitable for all customers.",
        "screen": "7",
        "time": 1736794200000,
      },
      {
        "bookingUrl": "https://experience.cineworld.co.uk/select-tickets?sitecode=041&site=041&id=173204&lang=en-GB",
        "notes": "This is an audio described screening. A special headset will be supplied if required. The performance is otherwise unaffected and is suitable for all customers.",
        "screen": "5",
        "time": 1736799000000,
      },
      {
        "bookingUrl": "https://experience.cineworld.co.uk/select-tickets?sitecode=041&site=041&id=173294&lang=en-GB",
        "notes": "This is an audio described screening. A special headset will be supplied if required. The performance is otherwise unaffected and is suitable for all customers.",
        "screen": "10",
        "time": 1736863200000,
      },
      {
        "bookingUrl": "https://experience.cineworld.co.uk/select-tickets?sitecode=041&site=041&id=173295&lang=en-GB",
        "notes": "This is an audio described screening. A special headset will be supplied if required. The performance is otherwise unaffected and is suitable for all customers.",
        "screen": "10",
        "time": 1736874600000,
      },
      {
        "bookingUrl": "https://experience.cineworld.co.uk/select-tickets?sitecode=041&site=041&id=173296&lang=en-GB",
        "notes": "This is an audio described screening. A special headset will be supplied if required. The performance is otherwise unaffected and is suitable for all customers.",
        "screen": "10",
        "time": 1736885400000,
      },
      {
        "bookingUrl": "https://experience.cineworld.co.uk/select-tickets?sitecode=041&site=041&id=173205&lang=en-GB",
        "notes": "This is an audio described screening. A special headset will be supplied if required. The performance is otherwise unaffected and is suitable for all customers.",
        "screen": "5",
        "time": 1736949600000,
      },
      {
        "bookingUrl": "https://experience.cineworld.co.uk/select-tickets?sitecode=041&site=041&id=173206&lang=en-GB",
        "notes": "This is an audio described screening. A special headset will be supplied if required. The performance is otherwise unaffected and is suitable for all customers.",
        "screen": "5",
        "time": 1736961000000,
      },
      {
        "bookingUrl": "https://experience.cineworld.co.uk/select-tickets?sitecode=041&site=041&id=173207&lang=en-GB",
        "notes": "This is an audio described screening. A special headset will be supplied if required. The performance is otherwise unaffected and is suitable for all customers.",
        "screen": "5",
        "time": 1736971800000,
      },
      {
        "bookingUrl": "https://experience.cineworld.co.uk/select-tickets?sitecode=041&site=041&id=173208&lang=en-GB",
        "notes": "This is an audio described screening. A special headset will be supplied if required. The performance is otherwise unaffected and is suitable for all customers.",
        "screen": "5",
        "time": 1737036000000,
      },
      {
        "bookingUrl": "https://experience.cineworld.co.uk/select-tickets?sitecode=041&site=041&id=173209&lang=en-GB",
        "notes": "This is an audio described screening. A special headset will be supplied if required. The performance is otherwise unaffected and is suitable for all customers.",
        "screen": "5",
        "time": 1737047400000,
      },
      {
        "bookingUrl": "https://experience.cineworld.co.uk/select-tickets?sitecode=041&site=041&id=173234&lang=en-GB",
        "notes": "This is an audio described screening. A special headset will be supplied if required. The performance is otherwise unaffected and is suitable for all customers.",
        "screen": "7",
        "time": 1737053400000,
      },
      {
        "bookingUrl": "https://experience.cineworld.co.uk/select-tickets?sitecode=041&site=041&id=173210&lang=en-GB",
        "notes": "This is an audio described screening. A special headset will be supplied if required. The performance is otherwise unaffected and is suitable for all customers.",
        "screen": "5",
        "time": 1737058200000,
      },
    ],
    "title": "Nosferatu",
    "url": "https://www.cineworld.co.uk/films/nosferatu/ho00012371",
  },
  {
    "overview": {
      "actors": [],
      "categories": [
        "Drama",
      ],
      "certificate": "15",
      "directors": [],
      "duration": 6480000,
      "trailer": "https://youtu.be/bS0Clau5700?si=ZuO0Cu2vB-C7elLD",
    },
    "performances": [
      {
        "bookingUrl": "https://experience.cineworld.co.uk/select-tickets?sitecode=041&site=041&id=173183&lang=en-GB",
        "notes": "This is an audio described screening. A special headset will be supplied if required. The performance is otherwise unaffected and is suitable for all customers.",
        "screen": "4",
        "time": 1736691600000,
      },
      {
        "bookingUrl": "https://experience.cineworld.co.uk/select-tickets?sitecode=041&site=041&id=173184&lang=en-GB",
        "notes": "This is an audio described screening. A special headset will be supplied if required. The performance is otherwise unaffected and is suitable for all customers.",
        "screen": "4",
        "time": 1736701200000,
      },
      {
        "bookingUrl": "https://experience.cineworld.co.uk/select-tickets?sitecode=041&site=041&id=173170&lang=en-GB",
        "notes": "This is an audio described screening. A special headset will be supplied if required. The performance is otherwise unaffected and is suitable for all customers.",
        "screen": "3",
        "time": 1736712000000,
      },
      {
        "bookingUrl": "https://experience.cineworld.co.uk/select-tickets?sitecode=041&site=041&id=173185&lang=en-GB",
        "notes": "This is an audio described screening. A special headset will be supplied if required. The performance is otherwise unaffected and is suitable for all customers.",
        "screen": "4",
        "time": 1736778000000,
      },
      {
        "bookingUrl": "https://experience.cineworld.co.uk/select-tickets?sitecode=041&site=041&id=173186&lang=en-GB",
        "notes": "This is an audio described screening. A special headset will be supplied if required. The performance is otherwise unaffected and is suitable for all customers.",
        "screen": "4",
        "time": 1736787600000,
      },
      {
        "bookingUrl": "https://experience.cineworld.co.uk/select-tickets?sitecode=041&site=041&id=173171&lang=en-GB",
        "notes": "This is an audio described screening. A special headset will be supplied if required. The performance is otherwise unaffected and is suitable for all customers.",
        "screen": "3",
        "time": 1736798400000,
      },
      {
        "bookingUrl": "https://experience.cineworld.co.uk/select-tickets?sitecode=041&site=041&id=173187&lang=en-GB",
        "notes": "This is an audio described screening. A special headset will be supplied if required. The performance is otherwise unaffected and is suitable for all customers.",
        "screen": "4",
        "time": 1736864400000,
      },
      {
        "bookingUrl": "https://experience.cineworld.co.uk/select-tickets?sitecode=041&site=041&id=173188&lang=en-GB",
        "notes": "This is an audio described screening. A special headset will be supplied if required. The performance is otherwise unaffected and is suitable for all customers.",
        "screen": "4",
        "time": 1736874000000,
      },
      {
        "bookingUrl": "https://experience.cineworld.co.uk/select-tickets?sitecode=041&site=041&id=173172&lang=en-GB",
        "notes": "This is an audio described screening. A special headset will be supplied if required. The performance is otherwise unaffected and is suitable for all customers.",
        "screen": "3",
        "time": 1736884800000,
      },
      {
        "bookingUrl": "https://experience.cineworld.co.uk/select-tickets?sitecode=041&site=041&id=173189&lang=en-GB",
        "notes": "This is an audio described screening. A special headset will be supplied if required. The performance is otherwise unaffected and is suitable for all customers.",
        "screen": "4",
        "time": 1736950800000,
      },
      {
        "bookingUrl": "https://experience.cineworld.co.uk/select-tickets?sitecode=041&site=041&id=173190&lang=en-GB",
        "notes": "This is an audio described screening. A special headset will be supplied if required. The performance is otherwise unaffected and is suitable for all customers.",
        "screen": "4",
        "time": 1736960400000,
      },
      {
        "bookingUrl": "https://experience.cineworld.co.uk/select-tickets?sitecode=041&site=041&id=173173&lang=en-GB",
        "notes": "This is an audio described screening. A special headset will be supplied if required. The performance is otherwise unaffected and is suitable for all customers.",
        "screen": "3",
        "time": 1736971200000,
      },
      {
        "bookingUrl": "https://experience.cineworld.co.uk/select-tickets?sitecode=041&site=041&id=173191&lang=en-GB",
        "notes": "This is an audio described screening. A special headset will be supplied if required. The performance is otherwise unaffected and is suitable for all customers.",
        "screen": "4",
        "time": 1737037200000,
      },
      {
        "bookingUrl": "https://experience.cineworld.co.uk/select-tickets?sitecode=041&site=041&id=173192&lang=en-GB",
        "notes": "This is an audio described screening. A special headset will be supplied if required. The performance is otherwise unaffected and is suitable for all customers.",
        "screen": "4",
        "time": 1737046800000,
      },
      {
        "bookingUrl": "https://experience.cineworld.co.uk/select-tickets?sitecode=041&site=041&id=173174&lang=en-GB",
        "notes": "This is an audio described screening. A special headset will be supplied if required. The performance is otherwise unaffected and is suitable for all customers.",
        "screen": "3",
        "time": 1737057600000,
      },
    ],
    "title": "We Live In Time",
    "url": "https://www.cineworld.co.uk/films/we-live-in-time/ho00012339",
  },
  {
    "overview": {
      "actors": [],
      "categories": [],
      "certificate": "15",
      "directors": [],
      "duration": 8100000,
      "trailer": "https://www.youtube.com/watch?v=KVeH5T4wxkE",
    },
    "performances": [
      {
        "bookingUrl": "https://experience.cineworld.co.uk/select-tickets?sitecode=041&site=041&id=173236&lang=en-GB",
        "notes": "This is an audio described screening. A special headset will be supplied if required. The performance is otherwise unaffected and is suitable for all customers.",
        "screen": "8",
        "time": 1736685900000,
      },
      {
        "bookingUrl": "https://experience.cineworld.co.uk/select-tickets?sitecode=041&site=041&id=173276&lang=en-GB",
        "notes": "This is an audio described screening. A special headset will be supplied if required. The performance is otherwise unaffected and is suitable for all customers.",
        "screen": "10",
        "time": 1736774400000,
      },
      {
        "bookingUrl": "https://experience.cineworld.co.uk/select-tickets?sitecode=041&site=041&id=173194&lang=en-GB",
        "notes": "This is an audio described screening. A special headset will be supplied if required. The performance is otherwise unaffected and is suitable for all customers.",
        "screen": "5",
        "time": 1736860800000,
      },
      {
        "bookingUrl": "https://experience.cineworld.co.uk/select-tickets?sitecode=041&site=041&id=173277&lang=en-GB",
        "notes": "This is an audio described screening. A special headset will be supplied if required. The performance is otherwise unaffected and is suitable for all customers.",
        "screen": "10",
        "time": 1736947200000,
      },
      {
        "bookingUrl": "https://experience.cineworld.co.uk/select-tickets?sitecode=041&site=041&id=173278&lang=en-GB",
        "notes": "This is an audio described screening. A special headset will be supplied if required. The performance is otherwise unaffected and is suitable for all customers.",
        "screen": "10",
        "time": 1737033600000,
      },
    ],
    "title": "Better Man",
    "url": "https://www.cineworld.co.uk/films/better-man/ho00012349",
  },
  {
    "overview": {
      "actors": [],
      "categories": [
        "Action",
      ],
      "certificate": "PG",
      "directors": [],
      "duration": 6600000,
      "trailer": "https://youtu.be/w0Eya8mcpuU?si=2igIcwRsmTz8IrvA",
    },
    "performances": [
      {
        "bookingUrl": "https://experience.cineworld.co.uk/select-tickets?sitecode=041&site=041&id=173158&lang=en-GB",
        "notes": "This is an audio described screening. A special headset will be supplied if required. The performance is otherwise unaffected and is suitable for all customers.",
        "screen": "3",
        "time": 1736692800000,
      },
      {
        "bookingUrl": "https://experience.cineworld.co.uk/select-tickets?sitecode=041&site=041&id=173159&lang=en-GB",
        "notes": "This is an audio described screening. A special headset will be supplied if required. The performance is otherwise unaffected and is suitable for all customers.",
        "screen": "3",
        "time": 1736702400000,
      },
      {
        "bookingUrl": "https://experience.cineworld.co.uk/select-tickets?sitecode=041&site=041&id=173160&lang=en-GB",
        "notes": "This is an audio described screening. A special headset will be supplied if required. The performance is otherwise unaffected and is suitable for all customers.",
        "screen": "3",
        "time": 1736779200000,
      },
      {
        "bookingUrl": "https://experience.cineworld.co.uk/select-tickets?sitecode=041&site=041&id=173161&lang=en-GB",
        "notes": "This is an audio described screening. A special headset will be supplied if required. The performance is otherwise unaffected and is suitable for all customers.",
        "screen": "3",
        "time": 1736788800000,
      },
      {
        "bookingUrl": "https://experience.cineworld.co.uk/select-tickets?sitecode=041&site=041&id=173162&lang=en-GB",
        "notes": "This is an audio described screening. A special headset will be supplied if required. The performance is otherwise unaffected and is suitable for all customers.",
        "screen": "3",
        "time": 1736865600000,
      },
      {
        "bookingUrl": "https://experience.cineworld.co.uk/select-tickets?sitecode=041&site=041&id=173163&lang=en-GB",
        "notes": "This is an audio described screening. A special headset will be supplied if required. The performance is otherwise unaffected and is suitable for all customers.",
        "screen": "3",
        "time": 1736875200000,
      },
      {
        "bookingUrl": "https://experience.cineworld.co.uk/select-tickets?sitecode=041&site=041&id=173164&lang=en-GB",
        "notes": "This is an audio described screening. A special headset will be supplied if required. The performance is otherwise unaffected and is suitable for all customers.",
        "screen": "3",
        "time": 1736952000000,
      },
      {
        "bookingUrl": "https://experience.cineworld.co.uk/select-tickets?sitecode=041&site=041&id=173165&lang=en-GB",
        "notes": "This is an audio described screening. A special headset will be supplied if required. The performance is otherwise unaffected and is suitable for all customers.",
        "screen": "3",
        "time": 1736961600000,
      },
      {
        "bookingUrl": "https://experience.cineworld.co.uk/select-tickets?sitecode=041&site=041&id=173166&lang=en-GB",
        "notes": "This is an audio described screening. A special headset will be supplied if required. The performance is otherwise unaffected and is suitable for all customers.",
        "screen": "3",
        "time": 1737038400000,
      },
      {
        "bookingUrl": "https://experience.cineworld.co.uk/select-tickets?sitecode=041&site=041&id=173167&lang=en-GB",
        "notes": "This is an audio described screening. A special headset will be supplied if required. The performance is otherwise unaffected and is suitable for all customers.",
        "screen": "3",
        "time": 1737048000000,
      },
    ],
    "title": "Sonic The Hedgehog 3",
    "url": "https://www.cineworld.co.uk/films/sonic-the-hedgehog-3/ho00011332",
  },
  {
    "overview": {
      "actors": [],
      "categories": [
        "Action",
        "Animation",
      ],
      "certificate": "PG",
      "directors": [],
      "duration": 7080000,
      "trailer": "https://youtu.be/do0c3iLWdE8?si=UcOpIXZwsLTzQ6fJ",
    },
    "performances": [
      {
        "bookingUrl": "https://experience.cineworld.co.uk/select-tickets?sitecode=041&site=041&id=173115&lang=en-GB",
        "notes": "This is an audio described screening. A special headset will be supplied if required. The performance is otherwise unaffected and is suitable for all customers.",
        "screen": "1",
        "time": 1736691000000,
      },
      {
        "bookingUrl": "https://experience.cineworld.co.uk/select-tickets?sitecode=041&site=041&id=173224&lang=en-GB",
        "notes": "This is an audio described screening. A special headset will be supplied if required. The performance is otherwise unaffected and is suitable for all customers.",
        "screen": "7",
        "time": 1736697600000,
      },
      {
        "bookingUrl": "https://experience.cineworld.co.uk/select-tickets?sitecode=041&site=041&id=173116&lang=en-GB",
        "notes": "This is an audio described screening. A special headset will be supplied if required. The performance is otherwise unaffected and is suitable for all customers.",
        "screen": "1",
        "time": 1736701200000,
      },
      {
        "bookingUrl": "https://experience.cineworld.co.uk/select-tickets?sitecode=041&site=041&id=173198&lang=en-GB",
        "notes": "This is an audio described screening. A special headset will be supplied if required. The performance is otherwise unaffected and is suitable for all customers.",
        "screen": "5",
        "time": 1736710200000,
      },
      {
        "bookingUrl": "https://experience.cineworld.co.uk/select-tickets?sitecode=041&site=041&id=173225&lang=en-GB",
        "notes": "This is an audio described screening. A special headset will be supplied if required. The performance is otherwise unaffected and is suitable for all customers.",
        "screen": "7",
        "time": 1736773200000,
      },
      {
        "bookingUrl": "https://experience.cineworld.co.uk/select-tickets?sitecode=041&site=041&id=173226&lang=en-GB",
        "notes": "This is an audio described screening. A special headset will be supplied if required. The performance is otherwise unaffected and is suitable for all customers.",
        "screen": "7",
        "time": 1736784000000,
      },
      {
        "bookingUrl": "https://experience.cineworld.co.uk/select-tickets?sitecode=041&site=041&id=173117&lang=en-GB",
        "notes": "This is an audio described screening. A special headset will be supplied if required. The performance is otherwise unaffected and is suitable for all customers.",
        "screen": "1",
        "time": 1736787600000,
      },
      {
        "bookingUrl": "https://experience.cineworld.co.uk/select-tickets?sitecode=041&site=041&id=173285&lang=en-GB",
        "notes": "This is an audio described screening. A special headset will be supplied if required. The performance is otherwise unaffected and is suitable for all customers.",
        "screen": "10",
        "time": 1736796600000,
      },
      {
        "bookingUrl": "https://experience.cineworld.co.uk/select-tickets?sitecode=041&site=041&id=173227&lang=en-GB",
        "notes": "This is an audio described screening. A special headset will be supplied if required. The performance is otherwise unaffected and is suitable for all customers.",
        "screen": "7",
        "time": 1736859600000,
      },
      {
        "bookingUrl": "https://experience.cineworld.co.uk/select-tickets?sitecode=041&site=041&id=173228&lang=en-GB",
        "notes": "This is an audio described screening. A special headset will be supplied if required. The performance is otherwise unaffected and is suitable for all customers.",
        "screen": "7",
        "time": 1736870400000,
      },
      {
        "bookingUrl": "https://experience.cineworld.co.uk/select-tickets?sitecode=041&site=041&id=173118&lang=en-GB",
        "notes": "This is an audio described screening. A special headset will be supplied if required. The performance is otherwise unaffected and is suitable for all customers.",
        "screen": "1",
        "time": 1736874000000,
      },
      {
        "bookingUrl": "https://experience.cineworld.co.uk/select-tickets?sitecode=041&site=041&id=173229&lang=en-GB",
        "notes": "This is an audio described screening. A special headset will be supplied if required. The performance is otherwise unaffected and is suitable for all customers.",
        "screen": "7",
        "time": 1736881200000,
      },
      {
        "bookingUrl": "https://experience.cineworld.co.uk/select-tickets?sitecode=041&site=041&id=173148&lang=en-GB",
        "notes": "This is an audio described screening. A special headset will be supplied if required. The performance is otherwise unaffected and is suitable for all customers.",
        "screen": "2",
        "time": 1736946000000,
      },
      {
        "bookingUrl": "https://experience.cineworld.co.uk/select-tickets?sitecode=041&site=041&id=173149&lang=en-GB",
        "notes": "This is an audio described screening. A special headset will be supplied if required. The performance is otherwise unaffected and is suitable for all customers.",
        "screen": "2",
        "time": 1736956800000,
      },
      {
        "bookingUrl": "https://experience.cineworld.co.uk/select-tickets?sitecode=041&site=041&id=173119&lang=en-GB",
        "notes": "This is an audio described screening. A special headset will be supplied if required. The performance is otherwise unaffected and is suitable for all customers.",
        "screen": "1",
        "time": 1736960400000,
      },
      {
        "bookingUrl": "https://experience.cineworld.co.uk/select-tickets?sitecode=041&site=041&id=173286&lang=en-GB",
        "notes": "This is an audio described screening. A special headset will be supplied if required. The performance is otherwise unaffected and is suitable for all customers.",
        "screen": "10",
        "time": 1736969400000,
      },
      {
        "bookingUrl": "https://experience.cineworld.co.uk/select-tickets?sitecode=041&site=041&id=173230&lang=en-GB",
        "notes": "This is an audio described screening. A special headset will be supplied if required. The performance is otherwise unaffected and is suitable for all customers.",
        "screen": "7",
        "time": 1737032400000,
      },
      {
        "bookingUrl": "https://experience.cineworld.co.uk/select-tickets?sitecode=041&site=041&id=173231&lang=en-GB",
        "notes": "This is an audio described screening. A special headset will be supplied if required. The performance is otherwise unaffected and is suitable for all customers.",
        "screen": "7",
        "time": 1737043200000,
      },
      {
        "bookingUrl": "https://experience.cineworld.co.uk/select-tickets?sitecode=041&site=041&id=173120&lang=en-GB",
        "notes": "This is an audio described screening. A special headset will be supplied if required. The performance is otherwise unaffected and is suitable for all customers.",
        "screen": "1",
        "time": 1737046800000,
      },
      {
        "bookingUrl": "https://experience.cineworld.co.uk/select-tickets?sitecode=041&site=041&id=173287&lang=en-GB",
        "notes": "This is an audio described screening. A special headset will be supplied if required. The performance is otherwise unaffected and is suitable for all customers.",
        "screen": "10",
        "time": 1737055800000,
      },
    ],
    "title": "Mufasa: The Lion King",
    "url": "https://www.cineworld.co.uk/films/mufasa-the-lion-king/ho00011331",
  },
  {
    "overview": {
      "actors": [],
      "categories": [
        "Action",
        "Animation",
      ],
      "certificate": "PG",
      "directors": [],
      "duration": 6000000,
      "trailer": "https://youtu.be/U9_YtmCm5-o?si=tZCheFM7pfE9csIa",
    },
    "performances": [
      {
        "bookingUrl": "https://experience.cineworld.co.uk/select-tickets?sitecode=041&site=041&id=173217&lang=en-GB",
        "notes": "This is an audio described screening. A special headset will be supplied if required. The performance is otherwise unaffected and is suitable for all customers.",
        "screen": "7",
        "time": 1736688600000,
      },
      {
        "bookingUrl": "https://experience.cineworld.co.uk/select-tickets?sitecode=041&site=041&id=173197&lang=en-GB",
        "notes": "This is an audio described screening. A special headset will be supplied if required. The performance is otherwise unaffected and is suitable for all customers.",
        "screen": "5",
        "time": 1736700600000,
      },
    ],
    "title": "Moana 2",
    "url": "https://www.cineworld.co.uk/films/moana-2/ho00011335",
  },
  {
    "overview": {
      "actors": [],
      "categories": [
        "Adventure",
      ],
      "certificate": "PG",
      "directors": [],
      "duration": 9600000,
      "trailer": "https://www.youtube.com/watch?v=5omDWGdDmJ8",
    },
    "performances": [
      {
        "bookingUrl": "https://experience.cineworld.co.uk/select-tickets?sitecode=041&site=041&id=173151&lang=en-GB",
        "notes": "This is an audio described screening. A special headset will be supplied if required. The performance is otherwise unaffected and is suitable for all customers.",
        "screen": "2",
        "time": 1736685000000,
      },
      {
        "bookingUrl": "https://experience.cineworld.co.uk/select-tickets?sitecode=041&site=041&id=173246&lang=en-GB",
        "notes": "This is an audio described screening. A special headset will be supplied if required. The performance is otherwise unaffected and is suitable for all customers.",
        "screen": "8",
        "time": 1736697000000,
      },
      {
        "bookingUrl": "https://experience.cineworld.co.uk/select-tickets?sitecode=041&site=041&id=173247&lang=en-GB",
        "notes": "This is an audio described screening. A special headset will be supplied if required. The performance is otherwise unaffected and is suitable for all customers.",
        "screen": "8",
        "time": 1736709600000,
      },
      {
        "bookingUrl": "https://experience.cineworld.co.uk/select-tickets?sitecode=041&site=041&id=173122&lang=en-GB",
        "notes": "This is an audio described screening. A special headset will be supplied if required. The performance is otherwise unaffected and is suitable for all customers.",
        "screen": "1",
        "time": 1736774400000,
      },
      {
        "bookingUrl": "https://experience.cineworld.co.uk/select-tickets?sitecode=041&site=041&id=173248&lang=en-GB",
        "notes": "This is an audio described screening. A special headset will be supplied if required. The performance is otherwise unaffected and is suitable for all customers.",
        "screen": "8",
        "time": 1736783400000,
      },
      {
        "bookingUrl": "https://experience.cineworld.co.uk/select-tickets?sitecode=041&site=041&id=173249&lang=en-GB",
        "notes": "This is an audio described screening. A special headset will be supplied if required. The performance is otherwise unaffected and is suitable for all customers.",
        "screen": "8",
        "time": 1736796000000,
      },
      {
        "bookingUrl": "https://experience.cineworld.co.uk/select-tickets?sitecode=041&site=041&id=173123&lang=en-GB",
        "notes": "This is an audio described screening. A special headset will be supplied if required. The performance is otherwise unaffected and is suitable for all customers.",
        "screen": "1",
        "time": 1736860800000,
      },
      {
        "bookingUrl": "https://experience.cineworld.co.uk/select-tickets?sitecode=041&site=041&id=173250&lang=en-GB",
        "notes": "This is an audio described screening. A special headset will be supplied if required. The performance is otherwise unaffected and is suitable for all customers.",
        "screen": "8",
        "time": 1736869800000,
      },
      {
        "bookingUrl": "https://experience.cineworld.co.uk/select-tickets?sitecode=041&site=041&id=173251&lang=en-GB",
        "notes": "This is an audio described screening. A special headset will be supplied if required. The performance is otherwise unaffected and is suitable for all customers.",
        "screen": "8",
        "time": 1736882400000,
      },
      {
        "bookingUrl": "https://experience.cineworld.co.uk/select-tickets?sitecode=041&site=041&id=173124&lang=en-GB",
        "notes": "This is an audio described screening. A special headset will be supplied if required. The performance is otherwise unaffected and is suitable for all customers.",
        "screen": "1",
        "time": 1736947200000,
      },
      {
        "bookingUrl": "https://experience.cineworld.co.uk/select-tickets?sitecode=041&site=041&id=173252&lang=en-GB",
        "notes": "This is an audio described screening. A special headset will be supplied if required. The performance is otherwise unaffected and is suitable for all customers.",
        "screen": "8",
        "time": 1736956200000,
      },
      {
        "bookingUrl": "https://experience.cineworld.co.uk/select-tickets?sitecode=041&site=041&id=173253&lang=en-GB",
        "notes": "This is an audio described screening. A special headset will be supplied if required. The performance is otherwise unaffected and is suitable for all customers.",
        "screen": "8",
        "time": 1736968800000,
      },
      {
        "bookingUrl": "https://experience.cineworld.co.uk/select-tickets?sitecode=041&site=041&id=173125&lang=en-GB",
        "notes": "This is an audio described screening. A special headset will be supplied if required. The performance is otherwise unaffected and is suitable for all customers.",
        "screen": "1",
        "time": 1737033600000,
      },
      {
        "bookingUrl": "https://experience.cineworld.co.uk/select-tickets?sitecode=041&site=041&id=173254&lang=en-GB",
        "notes": "This is an audio described screening. A special headset will be supplied if required. The performance is otherwise unaffected and is suitable for all customers.",
        "screen": "8",
        "time": 1737042600000,
      },
      {
        "bookingUrl": "https://experience.cineworld.co.uk/select-tickets?sitecode=041&site=041&id=173255&lang=en-GB",
        "notes": "This is an audio described screening. A special headset will be supplied if required. The performance is otherwise unaffected and is suitable for all customers.",
        "screen": "8",
        "time": 1737055200000,
      },
    ],
    "title": "Wicked",
    "url": "https://www.cineworld.co.uk/films/wicked/ho00007545",
  },
  {
    "overview": {
      "actors": [],
      "categories": [
        "Comedy",
      ],
      "certificate": "12A",
      "directors": [],
      "duration": 8520000,
    },
    "performances": [
      {
        "bookingUrl": "https://experience.cineworld.co.uk/select-tickets?sitecode=041&site=041&id=172273&lang=en-GB",
        "notes": "This is a subtitled screening",
        "screen": "4",
        "time": 1736797200000,
      },
      {
        "bookingUrl": "https://experience.cineworld.co.uk/select-tickets?sitecode=041&site=041&id=172274&lang=en-GB",
        "notes": "This is a subtitled screening",
        "screen": "4",
        "time": 1736883600000,
      },
    ],
    "title": "Sankranthiki Vasthunnam (Telugu)",
    "url": "https://www.cineworld.co.uk/films/sankranthiki-vasthunnam-telugu/ho00012427",
  },
  {
    "overview": {
      "actors": [],
      "categories": [],
      "certificate": "18",
      "directors": [],
      "duration": 7620000,
    },
    "performances": [
      {
        "bookingUrl": "https://experience.cineworld.co.uk/select-tickets?sitecode=041&site=041&id=172500&lang=en-GB",
        "notes": "This is an audio described screening. A special headset will be supplied if required. The performance is otherwise unaffected and is suitable for all customers.
This is a classic film",
        "screen": "5",
        "time": 1736883000000,
      },
    ],
    "title": "Fincher Season: Se7en (30th Anniversary)",
    "url": "https://www.cineworld.co.uk/films/fincher-season-se7en-30th-anniversary/ho00012463",
  },
  {
    "overview": {
      "actors": [],
      "categories": [],
      "directors": [],
      "duration": 14700000,
    },
    "performances": [
      {
        "bookingUrl": "https://experience.cineworld.co.uk/select-tickets?sitecode=041&site=041&id=166040&lang=en-GB",
        "notes": "",
        "screen": "2",
        "time": 1736966700000,
      },
    ],
    "title": "The Royal Opera Offenbach's THE TALES OF HOFFMAN",
    "url": "https://www.cineworld.co.uk/films/the-royal-opera-offenbachs-the-tales-of-hoffman/ho00011537",
  },
  {
    "overview": {
      "actors": [],
      "categories": [
        "Drama",
        "Comedy",
      ],
      "certificate": "15",
      "directors": [],
      "duration": 8460000,
      "trailer": "https://youtu.be/Nsvexi2Ulbs?si=Esajrb5rxo7cUpAP",
    },
    "performances": [
      {
        "bookingUrl": "https://experience.cineworld.co.uk/select-tickets?sitecode=041&site=041&id=173300&lang=en-GB",
        "notes": "This is an audio described screening. A special headset will be supplied if required. The performance is otherwise unaffected and is suitable for all customers.",
        "screen": "10",
        "time": 1737121200000,
      },
      {
        "bookingUrl": "https://experience.cineworld.co.uk/select-tickets?sitecode=041&site=041&id=173301&lang=en-GB",
        "notes": "This is an audio described screening. A special headset will be supplied if required. The performance is otherwise unaffected and is suitable for all customers.",
        "screen": "10",
        "time": 1737132600000,
      },
      {
        "bookingUrl": "https://experience.cineworld.co.uk/select-tickets?sitecode=041&site=041&id=173302&lang=en-GB",
        "notes": "This is an audio described screening. A special headset will be supplied if required. The performance is otherwise unaffected and is suitable for all customers.",
        "screen": "10",
        "time": 1737144000000,
      },
      {
        "bookingUrl": "https://experience.cineworld.co.uk/select-tickets?sitecode=041&site=041&id=173303&lang=en-GB",
        "notes": "This is an audio described screening. A special headset will be supplied if required. The performance is otherwise unaffected and is suitable for all customers.",
        "screen": "10",
        "time": 1737207600000,
      },
      {
        "bookingUrl": "https://experience.cineworld.co.uk/select-tickets?sitecode=041&site=041&id=173304&lang=en-GB",
        "notes": "This is an audio described screening. A special headset will be supplied if required. The performance is otherwise unaffected and is suitable for all customers.",
        "screen": "10",
        "time": 1737219000000,
      },
      {
        "bookingUrl": "https://experience.cineworld.co.uk/select-tickets?sitecode=041&site=041&id=173305&lang=en-GB",
        "notes": "This is an audio described screening. A special headset will be supplied if required. The performance is otherwise unaffected and is suitable for all customers.",
        "screen": "10",
        "time": 1737230400000,
      },
      {
        "bookingUrl": "https://experience.cineworld.co.uk/select-tickets?sitecode=041&site=041&id=173306&lang=en-GB",
        "notes": "This is an audio described screening. A special headset will be supplied if required. The performance is otherwise unaffected and is suitable for all customers.",
        "screen": "10",
        "time": 1737294000000,
      },
      {
        "bookingUrl": "https://experience.cineworld.co.uk/select-tickets?sitecode=041&site=041&id=173307&lang=en-GB",
        "notes": "This is an audio described screening. A special headset will be supplied if required. The performance is otherwise unaffected and is suitable for all customers.",
        "screen": "10",
        "time": 1737305400000,
      },
      {
        "bookingUrl": "https://experience.cineworld.co.uk/select-tickets?sitecode=041&site=041&id=173308&lang=en-GB",
        "notes": "This is an audio described screening. A special headset will be supplied if required. The performance is otherwise unaffected and is suitable for all customers.",
        "screen": "10",
        "time": 1737316800000,
      },
    ],
    "title": "A Complete Unknown",
    "url": "https://www.cineworld.co.uk/films/a-complete-unknown/ho00012350",
  },
  {
    "overview": {
      "actors": [],
      "categories": [
        "Horror",
      ],
      "certificate": "15",
      "directors": [],
      "duration": 6180000,
      "trailer": "https://youtu.be/kAw4PH2IQgo?si=mscx-Kn45Q8JlTFL",
    },
    "performances": [
      {
        "bookingUrl": "https://experience.cineworld.co.uk/select-tickets?sitecode=041&site=041&id=173309&lang=en-GB",
        "notes": "This is an audio described screening. A special headset will be supplied if required. The performance is otherwise unaffected and is suitable for all customers.",
        "screen": "5",
        "time": 1737119400000,
      },
      {
        "bookingUrl": "https://experience.cineworld.co.uk/select-tickets?sitecode=041&site=041&id=173310&lang=en-GB",
        "notes": "This is an audio described screening. A special headset will be supplied if required. The performance is otherwise unaffected and is suitable for all customers.",
        "screen": "5",
        "time": 1737128400000,
      },
      {
        "bookingUrl": "https://experience.cineworld.co.uk/select-tickets?sitecode=041&site=041&id=173311&lang=en-GB",
        "notes": "This is an audio described screening. A special headset will be supplied if required. The performance is otherwise unaffected and is suitable for all customers.",
        "screen": "5",
        "time": 1737137400000,
      },
      {
        "bookingUrl": "https://experience.cineworld.co.uk/select-tickets?sitecode=041&site=041&id=173312&lang=en-GB",
        "notes": "This is an audio described screening. A special headset will be supplied if required. The performance is otherwise unaffected and is suitable for all customers.",
        "screen": "5",
        "time": 1737146400000,
      },
      {
        "bookingUrl": "https://experience.cineworld.co.uk/select-tickets?sitecode=041&site=041&id=173313&lang=en-GB",
        "notes": "This is an audio described screening. A special headset will be supplied if required. The performance is otherwise unaffected and is suitable for all customers.",
        "screen": "5",
        "time": 1737205800000,
      },
      {
        "bookingUrl": "https://experience.cineworld.co.uk/select-tickets?sitecode=041&site=041&id=173314&lang=en-GB",
        "notes": "This is an audio described screening. A special headset will be supplied if required. The performance is otherwise unaffected and is suitable for all customers.",
        "screen": "5",
        "time": 1737214800000,
      },
      {
        "bookingUrl": "https://experience.cineworld.co.uk/select-tickets?sitecode=041&site=041&id=173315&lang=en-GB",
        "notes": "This is an audio described screening. A special headset will be supplied if required. The performance is otherwise unaffected and is suitable for all customers.",
        "screen": "5",
        "time": 1737223800000,
      },
      {
        "bookingUrl": "https://experience.cineworld.co.uk/select-tickets?sitecode=041&site=041&id=173316&lang=en-GB",
        "notes": "This is an audio described screening. A special headset will be supplied if required. The performance is otherwise unaffected and is suitable for all customers.",
        "screen": "5",
        "time": 1737232800000,
      },
      {
        "bookingUrl": "https://experience.cineworld.co.uk/select-tickets?sitecode=041&site=041&id=173317&lang=en-GB",
        "notes": "This is an audio described screening. A special headset will be supplied if required. The performance is otherwise unaffected and is suitable for all customers.",
        "screen": "5",
        "time": 1737292200000,
      },
      {
        "bookingUrl": "https://experience.cineworld.co.uk/select-tickets?sitecode=041&site=041&id=173318&lang=en-GB",
        "notes": "This is an audio described screening. A special headset will be supplied if required. The performance is otherwise unaffected and is suitable for all customers.",
        "screen": "5",
        "time": 1737301200000,
      },
      {
        "bookingUrl": "https://experience.cineworld.co.uk/select-tickets?sitecode=041&site=041&id=173319&lang=en-GB",
        "notes": "This is an audio described screening. A special headset will be supplied if required. The performance is otherwise unaffected and is suitable for all customers.",
        "screen": "5",
        "time": 1737310200000,
      },
      {
        "bookingUrl": "https://experience.cineworld.co.uk/select-tickets?sitecode=041&site=041&id=173320&lang=en-GB",
        "notes": "This is an audio described screening. A special headset will be supplied if required. The performance is otherwise unaffected and is suitable for all customers.",
        "screen": "5",
        "time": 1737319200000,
      },
    ],
    "title": "Wolf Man",
    "url": "https://www.cineworld.co.uk/films/wolf-man/ho00012460",
  },
  {
    "overview": {
      "actors": [],
      "categories": [],
      "directors": [],
      "duration": 7200000,
    },
    "performances": [
      {
        "bookingUrl": "https://experience.cineworld.co.uk/select-tickets?sitecode=041&site=041&id=172653&lang=en-GB",
        "notes": "This is an audio described screening. A special headset will be supplied if required. The performance is otherwise unaffected and is suitable for all customers.",
        "screen": "5",
        "time": 1737401400000,
      },
    ],
    "title": "Secret Screening 13",
    "url": "https://www.cineworld.co.uk/films/secret-screening-13/ho00012489",
  },
  {
    "overview": {
      "actors": [],
      "categories": [
        "Drama",
      ],
      "certificate": "18",
      "directors": [],
      "duration": 8580000,
    },
    "performances": [
      {
        "bookingUrl": "https://experience.cineworld.co.uk/select-tickets?sitecode=041&site=041&id=172498&lang=en-GB",
        "notes": "This is an audio described screening. A special headset will be supplied if required. The performance is otherwise unaffected and is suitable for all customers.
This is a classic film",
        "screen": "9",
        "time": 1737486900000,
      },
    ],
    "title": "Fincher Season: Gone Girl (2014)",
    "url": "https://www.cineworld.co.uk/films/fincher-season-gone-girl-2014/ho00012468",
  },
  {
    "overview": {
      "actors": [],
      "categories": [],
      "directors": [],
      "duration": 7200000,
    },
    "performances": [
      {
        "bookingUrl": "https://experience.cineworld.co.uk/select-tickets?sitecode=041&site=041&id=172658&lang=en-GB",
        "notes": "This is an audio described screening. A special headset will be supplied if required. The performance is otherwise unaffected and is suitable for all customers.",
        "screen": "9",
        "time": 1738006200000,
      },
    ],
    "title": "Secret Screaming 4",
    "url": "https://www.cineworld.co.uk/films/secret-screaming-4/ho00012499",
  },
  {
    "overview": {
      "actors": [],
      "categories": [
        "Drama",
        "Comedy",
      ],
      "certificate": "12A",
      "directors": [],
      "duration": 6900000,
    },
    "performances": [
      {
        "bookingUrl": "https://experience.cineworld.co.uk/select-tickets?sitecode=041&site=041&id=172499&lang=en-GB",
        "notes": "This is an audio described screening. A special headset will be supplied if required. The performance is otherwise unaffected and is suitable for all customers.
This is a classic film",
        "screen": "5",
        "time": 1738092600000,
      },
    ],
    "title": "Fincher Season: The Social Network (2010)",
    "url": "https://www.cineworld.co.uk/films/fincher-season-the-social-network-2010/ho00012465",
  },
  {
    "overview": {
      "actors": [],
      "categories": [
        "Animation",
      ],
      "certificate": "PG",
      "directors": [],
      "duration": 7080000,
      "trailer": "https://youtu.be/do0c3iLWdE8?si=3tzVMXcXPFEo4OCK",
    },
    "performances": [
      {
        "bookingUrl": "https://experience.cineworld.co.uk/select-tickets?sitecode=041&site=041&id=173103&lang=en-GB",
        "notes": "This is an audio described screening. A special headset will be supplied if required. The performance is otherwise unaffected and is suitable for all customers.",
        "screen": "2",
        "time": 1738494000000,
      },
    ],
    "title": "Autism Friendly Screening : Mufasa: The Lion King",
    "url": "https://www.cineworld.co.uk/films/autism-friendly-screening-mufasa-the-lion-king/ho00012509",
  },
  {
    "overview": {
      "actors": [],
      "categories": [
        "Drama",
      ],
      "certificate": "15",
      "directors": [],
      "duration": 5700000,
      "trailer": "https://youtu.be/GGBpfkrr8Ms?si=wMF243df8Y9BibRD",
    },
    "performances": [
      {
        "bookingUrl": "https://experience.cineworld.co.uk/select-tickets?sitecode=041&site=041&id=173299&lang=en-GB",
        "notes": "This is an audio described screening. A special headset will be supplied if required. The performance is otherwise unaffected and is suitable for all customers.",
        "screen": "10",
        "time": 1738611000000,
      },
    ],
    "title": "September 5 Unlimited Screening",
    "url": "https://www.cineworld.co.uk/films/september-5-unlimited-screening/ho00012542",
  },
  {
    "overview": {
      "actors": [],
      "categories": [],
      "certificate": "12A",
      "directors": [],
      "duration": 6840000,
      "trailer": "https://youtu.be/zmCvRCHNoxs?si=oTagIo5MsjNu9Av-",
    },
    "performances": [
      {
        "bookingUrl": "https://experience.cineworld.co.uk/select-tickets?sitecode=041&site=041&id=170450&lang=en-GB",
        "notes": "",
        "screen": "7",
        "time": 1738783800000,
      },
      {
        "bookingUrl": "https://experience.cineworld.co.uk/select-tickets?sitecode=041&site=041&id=170451&lang=en-GB",
        "notes": "",
        "screen": "7",
        "time": 1739113200000,
      },
    ],
    "title": "MACBETH: David Tennant & Cush Jumbo",
    "url": "https://www.cineworld.co.uk/films/macbeth-david-tennant-cush-jumbo/ho00012223",
  },
  {
    "overview": {
      "actors": [],
      "categories": [],
      "certificate": "12A",
      "directors": [],
      "duration": 10800000,
    },
    "performances": [
      {
        "bookingUrl": "https://experience.cineworld.co.uk/select-tickets?sitecode=041&site=041&id=169002&lang=en-GB",
        "notes": "",
        "screen": "3",
        "time": 1740079800000,
      },
      {
        "bookingUrl": "https://experience.cineworld.co.uk/select-tickets?sitecode=041&site=041&id=169003&lang=en-GB",
        "notes": "",
        "screen": "3",
        "time": 1740166200000,
      },
      {
        "bookingUrl": "https://experience.cineworld.co.uk/select-tickets?sitecode=041&site=041&id=169004&lang=en-GB",
        "notes": "",
        "screen": "3",
        "time": 1740319200000,
      },
    ],
    "title": "NT Live: The Importance of Being Earnest",
    "url": "https://www.cineworld.co.uk/films/nt-live-the-importance-of-being-earnest/ho00011929",
  },
  {
    "overview": {
      "actors": [],
      "categories": [],
      "directors": [],
      "duration": 12600000,
      "trailer": "https://youtu.be/LEPNQa1yOYQ?si=cunRPDhUyErx4QMg",
    },
    "performances": [
      {
        "bookingUrl": "https://experience.cineworld.co.uk/select-tickets?sitecode=041&site=041&id=166041&lang=en-GB",
        "notes": "",
        "screen": "2",
        "time": 1740683700000,
      },
    ],
    "title": "The Royal Ballet SWAN LAKE",
    "url": "https://www.cineworld.co.uk/films/the-royal-ballet-swan-lake/ho00011538",
  },
  {
    "overview": {
      "actors": [],
      "categories": [],
      "directors": [],
      "duration": 12600000,
    },
    "performances": [
      {
        "bookingUrl": "https://experience.cineworld.co.uk/select-tickets?sitecode=041&site=041&id=166042&lang=en-GB",
        "notes": "",
        "screen": "2",
        "time": 1742498100000,
      },
    ],
    "title": "The Royal Ballet ROMEO & JULIET",
    "url": "https://www.cineworld.co.uk/films/the-royal-ballet-romeo-juliet/ho00011539",
  },
  {
    "overview": {
      "actors": [],
      "categories": [],
      "certificate": "15",
      "directors": [],
      "duration": 9000000,
    },
    "performances": [
      {
        "bookingUrl": "https://experience.cineworld.co.uk/select-tickets?sitecode=041&site=041&id=172252&lang=en-GB",
        "notes": "",
        "screen": "3",
        "time": 1743103800000,
      },
      {
        "bookingUrl": "https://experience.cineworld.co.uk/select-tickets?sitecode=041&site=041&id=172253&lang=en-GB",
        "notes": "",
        "screen": "3",
        "time": 1743256800000,
      },
    ],
    "title": "NT Live: Dr. Strangelove",
    "url": "https://www.cineworld.co.uk/films/nt-live-dr-strangelove/ho00012409",
  },
  {
    "overview": {
      "actors": [],
      "categories": [],
      "directors": [],
      "duration": 12300000,
    },
    "performances": [
      {
        "bookingUrl": "https://experience.cineworld.co.uk/select-tickets?sitecode=041&site=041&id=166043&lang=en-GB",
        "notes": "",
        "screen": "2",
        "time": 1743531300000,
      },
    ],
    "title": "The Royal Opera Puccini's TURANDOT",
    "url": "https://www.cineworld.co.uk/films/the-royal-opera-puccinis-turandot/ho00011540",
  },
  {
    "overview": {
      "actors": [],
      "categories": [],
      "certificate": "12A",
      "directors": [],
      "duration": 10800000,
    },
    "performances": [
      {
        "bookingUrl": "https://experience.cineworld.co.uk/select-tickets?sitecode=041&site=041&id=172276&lang=en-GB",
        "notes": "",
        "screen": "8",
        "time": 1744480800000,
      },
      {
        "bookingUrl": "https://experience.cineworld.co.uk/select-tickets?sitecode=041&site=041&id=172277&lang=en-GB",
        "notes": "",
        "screen": "8",
        "time": 1744552800000,
      },
    ],
    "title": "André Rieu's 75th Birthday: The Dream Continues",
    "url": "https://www.cineworld.co.uk/films/andre-rieus-75th-birthday-the-dream-continues/ho00012410",
  },
  {
    "overview": {
      "actors": [],
      "categories": [],
      "directors": [],
      "duration": 21900000,
    },
    "performances": [
      {
        "bookingUrl": "https://experience.cineworld.co.uk/select-tickets?sitecode=041&site=041&id=166044&lang=en-GB",
        "notes": "",
        "screen": "2",
        "time": 1747239300000,
      },
    ],
    "title": "The Royal Opera Wagner's DIE WALKURE",
    "url": "https://www.cineworld.co.uk/films/the-royal-opera-wagners-die-walkure/ho00011541",
  },
  {
    "overview": {
      "actors": [],
      "categories": [],
      "directors": [],
      "duration": 10800000,
    },
    "performances": [
      {
        "bookingUrl": "https://experience.cineworld.co.uk/select-tickets?sitecode=041&site=041&id=166045&lang=en-GB",
        "notes": "",
        "screen": "2",
        "time": 1747937700000,
      },
    ],
    "title": "RBO: BALLET TO BROADWAY: WHEELDON WORKS",
    "url": "https://www.cineworld.co.uk/films/rbo-ballet-to-broadway-wheeldon-works/ho00011542",
  },
  {
    "overview": {
      "actors": [],
      "categories": [],
      "directors": [],
      "duration": 12900000,
    },
    "performances": [
      {
        "bookingUrl": "https://experience.cineworld.co.uk/select-tickets?sitecode=041&site=041&id=172275&lang=en-GB",
        "notes": "",
        "screen": "2",
        "time": 1748974500000,
      },
    ],
    "title": "The MET 2025: Rossini’s Il Barbiere di Siviglia",
    "url": "https://www.cineworld.co.uk/films/the-met-2025-rossinis-il-barbiere-di-siviglia/ho00011686",
  },
]
`;
